Archive member included to satisfy reference by file (symbol)

c:/program files/microchip/xc32/v4.60/bin/bin/../../lib/gcc/pic32c/8.3.1/../../../../pic32c/lib/thumb/v6-m/nofp\libpic32c.a(data_init.o)
                              build/default/production/_ext/1171490990/startup_xc32.o (__pic32c_data_initialization)
c:/program files/microchip/xc32/v4.60/bin/bin/../../lib/gcc/pic32c/8.3.1/../../../../pic32c/lib/thumb/v6-m/nofp\libc-size-musl.a(memcpy.o)
                              build/default/production/_ext/1593096446/plib_nvmctrl.o (memcpy)
c:/program files/microchip/xc32/v4.60/bin/bin/../../lib/gcc/pic32c/8.3.1/../../../../pic32c/lib/thumb/v6-m/nofp\libm-fast-emfloat.a(__aeabi_dmul_aux.o)
                              build/default/production/_ext/1687094165/ApplicationControl.o (__aeabi_dmul)
c:/program files/microchip/xc32/v4.60/bin/bin/../../lib/gcc/pic32c/8.3.1/../../../../pic32c/lib/thumb/v6-m/nofp\libm-fast-emfloat.a(__aeabi_i2d.o)
                              build/default/production/_ext/1687094165/ApplicationControl.o (__aeabi_i2d)
c:/program files/microchip/xc32/v4.60/bin/bin/../../lib/gcc/pic32c/8.3.1/../../../../pic32c/lib/thumb/v6-m/nofp\libm-fast-emfloat.a(__aeabi_ui2d.o)
                              c:/program files/microchip/xc32/v4.60/bin/bin/../../lib/gcc/pic32c/8.3.1/../../../../pic32c/lib/thumb/v6-m/nofp\libm-fast-emfloat.a(__aeabi_i2d.o) (__aeabi_ui2d)
c:/program files/microchip/xc32/v4.60/bin/bin/../../lib/gcc/pic32c/8.3.1/../../../../pic32c/lib/thumb/v6-m/nofp\libm-fast-emfloat.a(__aeabi_d2f.o)
                              build/default/production/_ext/1687094165/ApplicationControl.o (__aeabi_d2f)
c:/program files/microchip/xc32/v4.60/bin/bin/../../lib/gcc/pic32c/8.3.1/../../../../pic32c/lib/thumb/v6-m/nofp\libc-musl.a(__libc_start_main.o)
                              build/default/production/_ext/1171490990/startup_xc32.o (__libc_init_array)
c:/program files/microchip/xc32/v4.60/bin/bin/../../lib/gcc/pic32c/8.3.1/../../../../pic32c/lib/thumb/v6-m/nofp\libc-musl.a(libc.o)
                              c:/program files/microchip/xc32/v4.60/bin/bin/../../lib/gcc/pic32c/8.3.1/../../../../pic32c/lib/thumb/v6-m/nofp\libc-musl.a(__libc_start_main.o) (__progname_full)
c:/program files/microchip/xc32/v4.60/bin/bin/../../lib/gcc/pic32c/8.3.1/../../../../pic32c/lib/thumb/v6-m/nofp\libc-musl.a(__sio_printf_0.o)
                              (_printf_0)
c:/program files/microchip/xc32/v4.60/bin/bin/../../lib/gcc/pic32c/8.3.1/../../../../pic32c/lib/thumb/v6-m/nofp\libc-musl.a(stdout.o)
                              c:/program files/microchip/xc32/v4.60/bin/bin/../../lib/gcc/pic32c/8.3.1/../../../../pic32c/lib/thumb/v6-m/nofp\libc-musl.a(__sio_printf_0.o) (_stdout)
c:/program files/microchip/xc32/v4.60/bin/bin/../../lib/gcc/pic32c/8.3.1/../../../../pic32c/lib/thumb/v6-m/nofp\libc-musl.a(puts.o)
                              build/default/production/_ext/1947565061/Hdl_AC.o (puts)
c:/program files/microchip/xc32/v4.60/bin/bin/../../lib/gcc/pic32c/8.3.1/../../../../pic32c/lib/thumb/v6-m/nofp\libc-musl.a(__environ.o)
                              c:/program files/microchip/xc32/v4.60/bin/bin/../../lib/gcc/pic32c/8.3.1/../../../../pic32c/lib/thumb/v6-m/nofp\libc-musl.a(__libc_start_main.o) (__environ)
c:/program files/microchip/xc32/v4.60/bin/bin/../../lib/gcc/pic32c/8.3.1/../../../../pic32c/lib/thumb/v6-m/nofp\libc-musl.a(__int_vfprintf.o)
                              c:/program files/microchip/xc32/v4.60/bin/bin/../../lib/gcc/pic32c/8.3.1/../../../../pic32c/lib/thumb/v6-m/nofp\libc-musl.a(__sio_printf_0.o) (__vfprintf)
c:/program files/microchip/xc32/v4.60/bin/bin/../../lib/gcc/pic32c/8.3.1/../../../../pic32c/lib/thumb/v6-m/nofp\libc-musl.a(fputs.o)
                              c:/program files/microchip/xc32/v4.60/bin/bin/../../lib/gcc/pic32c/8.3.1/../../../../pic32c/lib/thumb/v6-m/nofp\libc-musl.a(puts.o) (fputs)
c:/program files/microchip/xc32/v4.60/bin/bin/../../lib/gcc/pic32c/8.3.1/../../../../pic32c/lib/thumb/v6-m/nofp\libc-musl.a(__io_init_needed.o)
                              c:/program files/microchip/xc32/v4.60/bin/bin/../../lib/gcc/pic32c/8.3.1/../../../../pic32c/lib/thumb/v6-m/nofp\libc-musl.a(stdout.o) (__io_init_needed)
c:/program files/microchip/xc32/v4.60/bin/bin/../../lib/gcc/pic32c/8.3.1/../../../../pic32c/lib/thumb/v6-m/nofp\libc-musl.a(__printf_core.o)
                              c:/program files/microchip/xc32/v4.60/bin/bin/../../lib/gcc/pic32c/8.3.1/../../../../pic32c/lib/thumb/v6-m/nofp\libc-musl.a(__int_vfprintf.o) (__printf_core)
c:/program files/microchip/xc32/v4.60/bin/bin/../../lib/gcc/pic32c/8.3.1/../../../../pic32c/lib/thumb/v6-m/nofp\libc-musl.a(fwrite.o)
                              c:/program files/microchip/xc32/v4.60/bin/bin/../../lib/gcc/pic32c/8.3.1/../../../../pic32c/lib/thumb/v6-m/nofp\libc-musl.a(fputs.o) (fwrite)
c:/program files/microchip/xc32/v4.60/bin/bin/../../lib/gcc/pic32c/8.3.1/../../../../pic32c/lib/thumb/v6-m/nofp\libc-musl.a(putc.o)
[...]
Memory Configuration

Name             Origin             Length             Attributes
rom              0x0000000000000000 0x0000000000040000 xrl
ram              0x0000000020000000 0x0000000000008000 xw !r
config_00804000  0x0000000000804000 0x0000000000000004
config_00804004  0x0000000000804004 0x0000000000000004
*default*        0x0000000000000000 0xffffffffffffffff

Linker script and memory map

LOAD c:/program files/microchip/xc32/v4.60/bin/bin/../../lib/gcc/pic32c/8.3.1/thumb/v6-m/nofp/crti.o
LOAD c:/program files/microchip/xc32/v4.60/bin/bin/../../lib/gcc/pic32c/8.3.1/thumb/v6-m/nofp/crtbegin.o
LOAD build/default/production/_ext/829343244/plib_ac.o
LOAD build/default/production/_ext/60163342/plib_adc0.o
LOAD build/default/production/_ext/1984496892/plib_clock.o
LOAD build/default/production/_ext/60166132/plib_dac.o
LOAD build/default/production/_ext/60167341/plib_eic.o
LOAD build/default/production/_ext/1986646378/plib_evsys.o
LOAD build/default/production/_ext/1865468468/plib_nvic.o
LOAD build/default/production/_ext/1593096446/plib_nvmctrl.o
LOAD build/default/production/_ext/1865521619/plib_port.o
LOAD build/default/production/_ext/504274921/plib_sercom4_usart.o
LOAD build/default/production/_ext/829342655/plib_tc0.o
LOAD build/default/production/_ext/60181570/plib_tcc0.o
LOAD build/default/production/_ext/163028504/xc32_monitor.o
LOAD build/default/production/_ext/1171490990/initialization.o
LOAD build/default/production/_ext/1171490990/interrupts.o
LOAD build/default/production/_ext/1171490990/libc_syscalls.o
LOAD build/default/production/_ext/1171490990/startup_xc32.o
LOAD build/default/production/_ext/1171490990/exceptions.o
LOAD build/default/production/_ext/1687094165/ApplicationControl.o
LOAD build/default/production/_ext/1947565061/Hdl_AC.o
LOAD build/default/production/_ext/1947565061/Hdl_ADC.o
LOAD build/default/production/_ext/1947565061/Hdl_DAC.o
LOAD build/default/production/_ext/1947565061/Hdl_GPIO.o
LOAD build/default/production/_ext/1947565061/Hdl_timer.o
LOAD build/default/production/_ext/1360937237/main.o
                0x0000000000000001                __MPLAB_BUILD = 0x1
                0x0000000000040000                __rom_end = (ORIGIN (rom) + LENGTH (rom))
                0x0000000020008000                __ram_end = (ORIGIN (ram) + LENGTH (ram))

.config_00804000
 *(.config_00804000)

.config_00804004
 *(.config_00804004)

.vectors        0x0000000000000000       0xbc
                0x0000000000000000                . = ALIGN (0x4)
                0x0000000000000000                _sfixed = .
 *(.vectors .vectors.* .vectors_default .vectors_default.*)
 .vectors.exception_table
                0x0000000000000000       0xbc build/default/production/_ext/1171490990/interrupts.o
                0x0000000000000000                exception_table
 *(.isr_vector)
 *(.reset*)
 *(.after_vectors)

.text           0x00000000000000bc       0x20
                0x00000000000000bc                . = ALIGN (0x4)
 *(.glue_7t)
 .glue_7t       0x00000000000000bc        0x0 linker stubs
 *(.glue_7)
 .glue_7        0x00000000000000bc        0x0 linker stubs
 *(.gnu.linkonce.r.*)
 *(.ARM.extab* .gnu.linkonce.armextab.*)
                0x00000000000000bc                . = ALIGN (0x4)
 *(.init)
 .init          0x00000000000000bc        0x4 c:/program files/microchip/xc32/v4.60/bin/bin/../../lib/gcc/pic32c/8.3.1/thumb/v6-m/nofp/crti.o
                0x00000000000000bc                _init
 .init          0x00000000000000c0        0x8 c:/program files/microchip/xc32/v4.60/bin/bin/../../lib/gcc/pic32c/8.3.1/thumb/v6-m/nofp/crtn.o
                0x00000000000000c8                . = ALIGN (0x4)
                0x00000000000000c8                __preinit_array_start = .
 *(.preinit_array)
                0x00000000000000c8                __preinit_array_end = .
                0x00000000000000c8                . = ALIGN (0x4)
                0x00000000000000c8                __init_array_start = .
 *(SORT_BY_NAME(.init_array.*))
 *(.init_array)
 .init_array    0x00000000000000c8        0x4 c:/program files/microchip/xc32/v4.60/bin/bin/../../lib/gcc/pic32c/8.3.1/thumb/v6-m/nofp/crtbegin.o
                0x00000000000000cc                __init_array_end = .
                0x00000000000000cc                . = ALIGN (0x4)
 *crtbegin.o(.ctors)
 *(EXCLUDE_FILE(*crtend.o) .ctors)
 *(SORT_BY_NAME(.ctors.*))
 *crtend.o(.ctors)
                0x00000000000000cc                . = ALIGN (0x4)
 *(.fini)
 .fini          0x00000000000000cc        0x4 c:/program files/microchip/xc32/v4.60/bin/bin/../../lib/gcc/pic32c/8.3.1/thumb/v6-m/nofp/crti.o
                0x00000000000000cc                _fini
 .fini          0x00000000000000d0        0x8 c:/program files/microchip/xc32/v4.60/bin/bin/../../lib/gcc/pic32c/8.3.1/thumb/v6-m/nofp/crtn.o
                0x00000000000000d8                . = ALIGN (0x4)
                0x00000000000000d8                __fini_array_start = .
 *(.fini_array)
 .fini_array    0x00000000000000d8        0x4 c:/program files/microchip/xc32/v4.60/bin/bin/../../lib/gcc/pic32c/8.3.1/thumb/v6-m/nofp/crtbegin.o
 *(SORT_BY_NAME(.fini_array.*))
                0x00000000000000dc                __fini_array_end = .
 *crtbegin.o(.dtors)
 *(EXCLUDE_FILE(*crtend.o) .dtors)
 *(SORT_BY_NAME(.dtors.*))
 *crtend.o(.dtors)
                0x00000000000000dc                . = ALIGN (0x4)
                0x00000000000000dc                _efixed = .
                [!provide]                        PROVIDE (__exidx_start = .)

.ARM.exidx
 *(.ARM.exidx* .gnu.linkonce.armexidx.*)
                [!provide]                        PROVIDE (__exidx_end = .)
                0x00000000000000dc                . = ALIGN (0x4)
                0x00000000000000dc                _etext = .

.bss            0x0000000020000000        0x0
                0x0000000020000000                . = ALIGN (0x4)
                0x0000000020000000                __bss_start__ = .
                0x0000000020000000                _sbss = .
                0x0000000020000000                _szero = .
 *(COMMON)
                0x0000000020000000                . = ALIGN (0x4)
                0x0000000020000000                __bss_end__ = .
                0x0000000020000000                _ebss = .
                0x0000000020000000                _ezero = .
                0x0000000020000000                . = ALIGN (0x4)
                0x0000000020000000                _end = .
                0x0000000020007fff                _ram_end_ = ((ORIGIN (ram) + LENGTH (ram)) - 0x1)
                0x0000000000000200                _min_heap_size = 0x200
START GROUP
LOAD c:/program files/microchip/xc32/v4.60/bin/bin/../../lib/gcc/pic32c/8.3.1/../../../../pic32c/lib/thumb/v6-m/nofp\libpic32c.a
LOAD c:/program files/microchip/xc32/v4.60/bin/bin/../../lib/gcc/pic32c/8.3.1/../../../../pic32c/lib/thumb/v6-m/nofp\libc-size-musl.a
LOAD c:/program files/microchip/xc32/v4.60/bin/bin/../../lib/gcc/pic32c/8.3.1/../../../../pic32c/lib/thumb/v6-m/nofp\liblmalloc-musl.a
LOAD c:/program files/microchip/xc32/v4.60/bin/bin/../../lib/gcc/pic32c/8.3.1/../../../../pic32c/lib/thumb/v6-m/nofp\libm-fast-emfloat.a
LOAD c:/program files/microchip/xc32/v4.60/bin/bin/../../lib/gcc/pic32c/8.3.1/../../../../pic32c/lib/thumb/v6-m/nofp\libm-musl.a
LOAD c:/program files/microchip/xc32/v4.60/bin/bin/../../lib/gcc/pic32c/8.3.1/../../../../pic32c/lib/thumb/v6-m/nofp\libc-musl.a
LOAD c:/program files/microchip/xc32/v4.60/bin/bin/../../lib/gcc/pic32c/8.3.1/../../../../pic32c/lib/thumb/v6-m/nofp\libm-fast-emfloat.a
LOAD c:/program files/microchip/xc32/v4.60/bin/bin/../../lib/gcc/pic32c/8.3.1/../../../../pic32c/lib/thumb/v6-m/nofp\libm-musl.a
LOAD c:/program files/microchip/xc32/v4.60/bin/bin/../../lib/gcc/pic32c/8.3.1/thumb/v6-m/nofp\libgcc.a
END GROUP
LOAD c:/program files/microchip/xc32/v4.60/bin/bin/../../lib/gcc/pic32c/8.3.1/thumb/v6-m/nofp/crtend.o
LOAD c:/program files/microchip/xc32/v4.60/bin/bin/../../lib/gcc/pic32c/8.3.1/thumb/v6-m/nofp/crtn.o
OUTPUT(dist/default/production/Final_dirvers.X.production.elf elf32-littlearm)
LOAD data_init
LOAD stack

.ARM.attributes
                0x0000000000000000       0x2a
 .ARM.attributes
                0x0000000000000000       0x1e c:/program files/microchip/xc32/v4.60/bin/bin/../../lib/gcc/pic32c/8.3.1/thumb/v6-m/nofp/crti.o
 .ARM.attributes
                0x000000000000001e       0x2c c:/program files/microchip/xc32/v4.60/bin/bin/../../lib/gcc/pic32c/8.3.1/thumb/v6-m/nofp/crtbegin.o
 .ARM.attributes
                0x000000000000004a       0x2c build/default/production/_ext/829343244/plib_ac.o
 .ARM.attributes
                0x0000000000000076       0x2c build/default/production/_ext/60163342/plib_adc0.o
 .ARM.attributes
                0x00000000000000a2       0x2c build/default/production/_ext/1984496892/plib_clock.o
 .ARM.attributes
                0x00000000000000ce       0x2c build/default/production/_ext/60166132/plib_dac.o
 .ARM.attributes
                0x00000000000000fa       0x2c build/default/production/_ext/60167341/plib_eic.o
 .ARM.attributes
                0x0000000000000126       0x2c build/default/production/_ext/1986646378/plib_evsys.o
 .ARM.attributes
                0x0000000000000152       0x2c build/default/production/_ext/1865468468/plib_nvic.o
 .ARM.attributes
                0x000000000000017e       0x2c build/default/production/_ext/1593096446/plib_nvmctrl.o
 .ARM.attributes
                0x00000000000001aa       0x2c build/default/production/_ext/1865521619/plib_port.o
 .ARM.attributes
                0x00000000000001d6       0x2c build/default/production/_ext/504274921/plib_sercom4_usart.o
 .ARM.attributes
                0x0000000000000202       0x2c build/default/production/_ext/829342655/plib_tc0.o
 .ARM.attributes
                0x000000000000022e       0x2c build/default/production/_ext/60181570/plib_tcc0.o
 .ARM.attributes
                0x000000000000025a       0x2c build/default/production/_ext/163028504/xc32_monitor.o
 .ARM.attributes
                0x0000000000000286       0x2c build/default/production/_ext/1171490990/initialization.o
 .ARM.attributes
                0x00000000000002b2       0x2c build/default/production/_ext/1171490990/interrupts.o
 .ARM.attributes
                0x00000000000002de       0x2c build/default/production/_ext/1171490990/startup_xc32.o
 .ARM.attributes
                0x000000000000030a       0x2c build/default/production/_ext/1171490990/exceptions.o
 .ARM.attributes
                0x0000000000000336       0x2c build/default/production/_ext/1687094165/ApplicationControl.o
 .ARM.attributes
                0x0000000000000362       0x2c build/default/production/_ext/1947565061/Hdl_AC.o
 .ARM.attributes
                0x000000000000038e       0x2c build/default/production/_ext/1947565061/Hdl_ADC.o
 .ARM.attributes
                0x00000000000003ba       0x2c build/default/production/_ext/1947565061/Hdl_DAC.o
 .ARM.attributes
                0x00000000000003e6       0x2c build/default/production/_ext/1947565061/Hdl_GPIO.o
 .ARM.attributes
                0x0000000000000412       0x2c build/default/production/_ext/1947565061/Hdl_timer.o
 .ARM.attributes
                0x000000000000043e       0x2c build/default/production/_ext/1360937237/main.o
 .ARM.attributes
                0x000000000000046a       0x2c c:/program files/microchip/xc32/v4.60/bin/bin/../../lib/gcc/pic32c/8.3.1/../../../../pic32c/lib/thumb/v6-m/nofp\libpic32c.a(data_init.o)
 .ARM.attributes
                0x0000000000000496       0x1c c:/program files/microchip/xc32/v4.60/bin/bin/../../lib/gcc/pic32c/8.3.1/../../../../pic32c/lib/thumb/v6-m/nofp\libm-fast-emfloat.a(__aeabi_dmul_aux.o)
 .ARM.attributes
                0x00000000000004b2       0x1c c:/program files/microchip/xc32/v4.60/bin/bin/../../lib/gcc/pic32c/8.3.1/../../../../pic32c/lib/thumb/v6-m/nofp\libm-fast-emfloat.a(__aeabi_i2d.o)
 .ARM.attributes
                0x00000000000004ce       0x1c c:/program files/microchip/xc32/v4.60/bin/bin/../../lib/gcc/pic32c/8.3.1/../../../../pic32c/lib/thumb/v6-m/nofp\libm-fast-emfloat.a(__aeabi_ui2d.o)
 .ARM.attributes
                0x00000000000004ea       0x1c c:/program files/microchip/xc32/v4.60/bin/bin/../../lib/gcc/pic32c/8.3.1/../../../../pic32c/lib/thumb/v6-m/nofp\libm-fast-emfloat.a(__aeabi_d2f.o)
 .ARM.attributes
                0x0000000000000506       0x2e c:/program files/microchip/xc32/v4.60/bin/bin/../../lib/gcc/pic32c/8.3.1/../../../../pic32c/lib/thumb/v6-m/nofp\libc-musl.a(__libc_start_main.o)
 .ARM.attributes
                0x0000000000000534       0x2e c:/program files/microchip/xc32/v4.60/bin/bin/../../lib/gcc/pic32c/8.3.1/../../../../pic32c/lib/thumb/v6-m/nofp\libc-musl.a(libc.o)
 .ARM.attributes
                0x0000000000000562       0x2e c:/program files/microchip/xc32/v4.60/bin/bin/../../lib/gcc/pic32c/8.3.1/../../../../pic32c/lib/thumb/v6-m/nofp\libc-musl.a(stdout.o)
 .ARM.attributes
                0x0000000000000590       0x2e c:/program files/microchip/xc32/v4.60/bin/bin/../../lib/gcc/pic32c/8.3.1/../../../../pic32c/lib/thumb/v6-m/nofp\libc-musl.a(puts.o)
 .ARM.attributes
                0x00000000000005be       0x2e c:/program files/microchip/xc32/v4.60/bin/bin/../../lib/gcc/pic32c/8.3.1/../../../../pic32c/lib/thumb/v6-m/nofp\libc-musl.a(__environ.o)
 .ARM.attributes
                0x00000000000005ec       0x2e c:/program files/microchip/xc32/v4.60/bin/bin/../../lib/gcc/pic32c/8.3.1/../../../../pic32c/lib/thumb/v6-m/nofp\libc-musl.a(fputs.o)
 .ARM.attributes
                0x000000000000061a       0x2e c:/program files/microchip/xc32/v4.60/bin/bin/../../lib/gcc/pic32c/8.3.1/../../../../pic32c/lib/thumb/v6-m/nofp\libc-musl.a(fwrite.o)
 .ARM.attributes
                0x0000000000000648       0x2e c:/program files/microchip/xc32/v4.60/bin/bin/../../lib/gcc/pic32c/8.3.1/../../../../pic32c/lib/thumb/v6-m/nofp\libc-musl.a(putc.o)
 .ARM.attributes
                0x0000000000000676       0x2e c:/program files/microchip/xc32/v4.60/bin/bin/../../lib/gcc/pic32c/8.3.1/../../../../pic32c/lib/thumb/v6-m/nofp\libc-musl.a(__init_stdio.o)
 .ARM.attributes
                0x00000000000006a4       0x1e c:/program files/microchip/xc32/v4.60/bin/bin/../../lib/gcc/pic32c/8.3.1/thumb/v6-m/nofp\libgcc.a(_udivsi3.o)
 .ARM.attributes
                0x00000000000006c2       0x1e c:/program files/microchip/xc32/v4.60/bin/bin/../../lib/gcc/pic32c/8.3.1/thumb/v6-m/nofp\libgcc.a(_dvmd_tls.o)
 .ARM.attributes
                0x00000000000006e0       0x2e c:/program files/microchip/xc32/v4.60/bin/bin/../../lib/gcc/pic32c/8.3.1/../../../../pic32c/lib/thumb/v6-m/nofp\libc-size-musl.a(strlen.o)
 .ARM.attributes
                0x000000000000070e       0x1e c:/program files/microchip/xc32/v4.60/bin/bin/../../lib/gcc/pic32c/8.3.1/thumb/v6-m/nofp/crtn.o
 .ARM.attributes
                0x000000000000072c       0x2c c:/program files/microchip/xc32/v4.60/bin/bin/../../lib/gcc/pic32c/8.3.1/../../../../pic32c/lib/thumb/v6-m/nofp\libpic32c.a(pic32_data_init_clear.o)
 .ARM.attributes
                0x0000000000000758       0x2c c:/program files/microchip/xc32/v4.60/bin/bin/../../lib/gcc/pic32c/8.3.1/../../../../pic32c/lib/thumb/v6-m/nofp\libpic32c.a(pic32_data_init_copy.o)

.comment        0x0000000000000000       0x2b
 .comment       0x0000000000000000       0x2b c:/program files/microchip/xc32/v4.60/bin/bin/../../lib/gcc/pic32c/8.3.1/thumb/v6-m/nofp/crtbegin.o
                                         0x2c (size before relaxing)
 .comment       0x000000000000002b       0x2c build/default/production/_ext/829343244/plib_ac.o
 .comment       0x000000000000002b       0x2c build/default/production/_ext/60163342/plib_adc0.o
 .comment       0x000000000000002b       0x2c build/default/production/_ext/1984496892/plib_clock.o
 .comment       0x000000000000002b       0x2c build/default/production/_ext/60166132/plib_dac.o
 .comment       0x000000000000002b       0x2c build/default/production/_ext/60167341/plib_eic.o
 .comment       0x000000000000002b       0x2c build/default/production/_ext/1986646378/plib_evsys.o
 .comment       0x000000000000002b       0x2c build/default/production/_ext/1865468468/plib_nvic.o
 .comment       0x000000000000002b       0x2c build/default/production/_ext/1593096446/plib_nvmctrl.o
 .comment       0x000000000000002b       0x2c build/default/production/_ext/1865521619/plib_port.o
 .comment       0x000000000000002b       0x2c build/default/production/_ext/504274921/plib_sercom4_usart.o
 .comment       0x000000000000002b       0x2c build/default/production/_ext/829342655/plib_tc0.o
 .comment       0x000000000000002b       0x2c build/default/production/_ext/60181570/plib_tcc0.o
 .comment       0x000000000000002b       0x2c build/default/production/_ext/163028504/xc32_monitor.o
 .comment       0x000000000000002b       0x2c build/default/production/_ext/1171490990/initialization.o
 .comment       0x000000000000002b       0x2c build/default/production/_ext/1171490990/interrupts.o
 .comment       0x000000000000002b       0x2c build/default/production/_ext/1171490990/startup_xc32.o
 .comment       0x000000000000002b       0x2c build/default/production/_ext/1171490990/exceptions.o
 .comment       0x000000000000002b       0x2c build/default/production/_ext/1687094165/ApplicationControl.o
 .comment       0x000000000000002b       0x2c build/default/production/_ext/1947565061/Hdl_AC.o
 .comment       0x000000000000002b       0x2c build/default/production/_ext/1947565061/Hdl_ADC.o
 .comment       0x000000000000002b       0x2c build/default/production/_ext/1947565061/Hdl_DAC.o
 .comment       0x000000000000002b       0x2c build/default/production/_ext/1947565061/Hdl_GPIO.o
 .comment       0x000000000000002b       0x2c build/default/production/_ext/1947565061/Hdl_timer.o
 .comment       0x000000000000002b       0x2c build/default/production/_ext/1360937237/main.o
 .comment       0x000000000000002b       0x2c c:/program files/microchip/xc32/v4.60/bin/bin/../../lib/gcc/pic32c/8.3.1/../../../../pic32c/lib/thumb/v6-m/nofp\libpic32c.a(data_init.o)
 .comment       0x000000000000002b       0x2c c:/program files/microchip/xc32/v4.60/bin/bin/../../lib/gcc/pic32c/8.3.1/../../../../pic32c/lib/thumb/v6-m/nofp\libc-musl.a(__libc_start_main.o)
 .comment       0x000000000000002b       0x2c c:/program files/microchip/xc32/v4.60/bin/bin/../../lib/gcc/pic32c/8.3.1/../../../../pic32c/lib/thumb/v6-m/nofp\libc-musl.a(libc.o)
 .comment       0x000000000000002b       0x2c c:/program files/microchip/xc32/v4.60/bin/bin/../../lib/gcc/pic32c/8.3.1/../../../../pic32c/lib/thumb/v6-m/nofp\libc-musl.a(stdout.o)
 .comment       0x000000000000002b       0x2c c:/program files/microchip/xc32/v4.60/bin/bin/../../lib/gcc/pic32c/8.3.1/../../../../pic32c/lib/thumb/v6-m/nofp\libc-musl.a(puts.o)
 .comment       0x000000000000002b       0x2c c:/program files/microchip/xc32/v4.60/bin/bin/../../lib/gcc/pic32c/8.3.1/../../../../pic32c/lib/thumb/v6-m/nofp\libc-musl.a(__environ.o)
 .comment       0x000000000000002b       0x2c c:/program files/microchip/xc32/v4.60/bin/bin/../../lib/gcc/pic32c/8.3.1/../../../../pic32c/lib/thumb/v6-m/nofp\libc-musl.a(fputs.o)
 .comment       0x000000000000002b       0x2c c:/program files/microchip/xc32/v4.60/bin/bin/../../lib/gcc/pic32c/8.3.1/../../../../pic32c/lib/thumb/v6-m/nofp\libc-musl.a(fwrite.o)
 .comment       0x000000000000002b       0x2c c:/program files/microchip/xc32/v4.60/bin/bin/../../lib/gcc/pic32c/8.3.1/../../../../pic32c/lib/thumb/v6-m/nofp\libc-musl.a(putc.o)
 .comment       0x000000000000002b       0x2c c:/program files/microchip/xc32/v4.60/bin/bin/../../lib/gcc/pic32c/8.3.1/../../../../pic32c/lib/thumb/v6-m/nofp\libc-musl.a(__init_stdio.o)
 .comment       0x000000000000002b       0x2c c:/program files/microchip/xc32/v4.60/bin/bin/../../lib/gcc/pic32c/8.3.1/../../../../pic32c/lib/thumb/v6-m/nofp\libc-size-musl.a(strlen.o)
 .comment       0x000000000000002b       0x2c c:/program files/microchip/xc32/v4.60/bin/bin/../../lib/gcc/pic32c/8.3.1/../../../../pic32c/lib/thumb/v6-m/nofp\libpic32c.a(pic32_data_init_clear.o)
 .comment       0x000000000000002b       0x2c c:/program files/microchip/xc32/v4.60/bin/bin/../../lib/gcc/pic32c/8.3.1/../../../../pic32c/lib/thumb/v6-m/nofp\libpic32c.a(pic32_data_init_copy.o)

.debug_info     0x0000000000000000     0x8012
 .debug_info    0x0000000000000000      0x517 build/default/production/_ext/829343244/plib_ac.o
 .debug_info    0x0000000000000517      0x611 build/default/production/_ext/60163342/plib_adc0.o
 .debug_info    0x0000000000000b28      0x5cc build/default/production/_ext/1984496892/plib_clock.o
 .debug_info    0x00000000000010f4      0x24b build/default/production/_ext/60166132/plib_dac.o
 .debug_info    0x000000000000133f      0x348 build/default/production/_ext/60167341/plib_eic.o
 .debug_info    0x0000000000001687       0x9b build/default/production/_ext/1986646378/plib_evsys.o
 .debug_info    0x0000000000001722      0x8b0 build/default/production/_ext/1865468468/plib_nvic.o
 .debug_info    0x0000000000001fd2      0x732 build/default/production/_ext/1593096446/plib_nvmctrl.o
 .debug_info    0x0000000000002704      0x6ea build/default/production/_ext/1865521619/plib_port.o
 .debug_info    0x0000000000002dee      0xee1 build/default/production/_ext/504274921/plib_sercom4_usart.o
 .debug_info    0x0000000000003ccf      0x814 build/default/production/_ext/829342655/plib_tc0.o
 .debug_info    0x00000000000044e3      0x5eb build/default/production/_ext/60181570/plib_tcc0.o
 .debug_info    0x0000000000004ace      0x1ce build/default/production/_ext/163028504/xc32_monitor.o
 .debug_info    0x0000000000004c9c      0x392 build/default/production/_ext/1171490990/initialization.o
 .debug_info    0x000000000000502e      0x3ef build/default/production/_ext/1171490990/interrupts.o
 .debug_info    0x000000000000541d      0x205 build/default/production/_ext/1171490990/startup_xc32.o
 .debug_info    0x0000000000005622       0xba build/default/production/_ext/1171490990/exceptions.o
 .debug_info    0x00000000000056dc      0x25e build/default/production/_ext/1687094165/ApplicationControl.o
 .debug_info    0x000000000000593a      0x1a3 build/default/production/_ext/1947565061/Hdl_AC.o
 .debug_info    0x0000000000005add      0x3ef build/default/production/_ext/1947565061/Hdl_ADC.o
 .debug_info    0x0000000000005ecc      0x155 build/default/production/_ext/1947565061/Hdl_DAC.o
 .debug_info    0x0000000000006021      0x36e build/default/production/_ext/1947565061/Hdl_GPIO.o
 .debug_info    0x000000000000638f      0x537 build/default/production/_ext/1947565061/Hdl_timer.o
 .debug_info    0x00000000000068c6       0xe4 build/default/production/_ext/1360937237/main.o
 .debug_info    0x00000000000069aa       0x68 c:/program files/microchip/xc32/v4.60/bin/bin/../../lib/gcc/pic32c/8.3.1/../../../../pic32c/lib/thumb/v6-m/nofp\libpic32c.a(data_init.o)
 .debug_info    0x0000000000006a12      0x2fb c:/program files/microchip/xc32/v4.60/bin/bin/../../lib/gcc/pic32c/8.3.1/../../../../pic32c/lib/thumb/v6-m/nofp\libc-musl.a(__libc_start_main.o)
 .debug_info    0x0000000000006d0d      0x276 c:/program files/microchip/xc32/v4.60/bin/bin/../../lib/gcc/pic32c/8.3.1/../../../../pic32c/lib/thumb/v6-m/nofp\libc-musl.a(libc.o)
 .debug_info    0x0000000000006f83      0x1e9 c:/program files/microchip/xc32/v4.60/bin/bin/../../lib/gcc/pic32c/8.3.1/../../../../pic32c/lib/thumb/v6-m/nofp\libc-musl.a(stdout.o)
 .debug_info    0x000000000000716c      0x3ac c:/program files/microchip/xc32/v4.60/bin/bin/../../lib/gcc/pic32c/8.3.1/../../../../pic32c/lib/thumb/v6-m/nofp\libc-musl.a(puts.o)
 .debug_info    0x0000000000007518       0x97 c:/program files/microchip/xc32/v4.60/bin/bin/../../lib/gcc/pic32c/8.3.1/../../../../pic32c/lib/thumb/v6-m/nofp\libc-musl.a(__environ.o)
 .debug_info    0x00000000000075af      0x3b6 c:/program files/microchip/xc32/v4.60/bin/bin/../../lib/gcc/pic32c/8.3.1/../../../../pic32c/lib/thumb/v6-m/nofp\libc-musl.a(fputs.o)
 .debug_info    0x0000000000007965      0x257 c:/program files/microchip/xc32/v4.60/bin/bin/../../lib/gcc/pic32c/8.3.1/../../../../pic32c/lib/thumb/v6-m/nofp\libc-musl.a(fwrite.o)
 .debug_info    0x0000000000007bbc      0x224 c:/program files/microchip/xc32/v4.60/bin/bin/../../lib/gcc/pic32c/8.3.1/../../../../pic32c/lib/thumb/v6-m/nofp\libc-musl.a(putc.o)
 .debug_info    0x0000000000007de0       0xc3 c:/program files/microchip/xc32/v4.60/bin/bin/../../lib/gcc/pic32c/8.3.1/../../../../pic32c/lib/thumb/v6-m/nofp\libc-musl.a(__init_stdio.o)
 .debug_info    0x0000000000007ea3       0x26 c:/program files/microchip/xc32/v4.60/bin/bin/../../lib/gcc/pic32c/8.3.1/thumb/v6-m/nofp\libgcc.a(_udivsi3.o)
 .debug_info    0x0000000000007ec9       0x26 c:/program files/microchip/xc32/v4.60/bin/bin/../../lib/gcc/pic32c/8.3.1/thumb/v6-m/nofp\libgcc.a(_dvmd_tls.o)
 .debug_info    0x0000000000007eef       0xa4 c:/program files/microchip/xc32/v4.60/bin/bin/../../lib/gcc/pic32c/8.3.1/../../../../pic32c/lib/thumb/v6-m/nofp\libc-size-musl.a(strlen.o)
 .debug_info    0x0000000000007f93       0x3f c:/program files/microchip/xc32/v4.60/bin/bin/../../lib/gcc/pic32c/8.3.1/../../../../pic32c/lib/thumb/v6-m/nofp\libpic32c.a(pic32_data_init_clear.o)
 .debug_info    0x0000000000007fd2       0x40 c:/program files/microchip/xc32/v4.60/bin/bin/../../lib/gcc/pic32c/8.3.1/../../../../pic32c/lib/thumb/v6-m/nofp\libpic32c.a(pic32_data_init_copy.o)

.debug_abbrev   0x0000000000000000     0x2964
 .debug_abbrev  0x0000000000000000      0x1be build/default/production/_ext/829343244/plib_ac.o
 .debug_abbrev  0x00000000000001be      0x172 build/default/production/_ext/60163342/plib_adc0.o
 .debug_abbrev  0x0000000000000330      0x149 build/default/production/_ext/1984496892/plib_clock.o
 .debug_abbrev  0x0000000000000479       0xf0 build/default/production/_ext/60166132/plib_dac.o
 .debug_abbrev  0x0000000000000569      0x195 build/default/production/_ext/60167341/plib_eic.o
 .debug_abbrev  0x00000000000006fe       0x46 build/default/production/_ext/1986646378/plib_evsys.o
 .debug_abbrev  0x0000000000000744      0x271 build/default/production/_ext/1865468468/plib_nvic.o
 .debug_abbrev  0x00000000000009b5      0x1c0 build/default/production/_ext/1593096446/plib_nvmctrl.o
 .debug_abbrev  0x0000000000000b75      0x1ea build/default/production/_ext/1865521619/plib_port.o
 .debug_abbrev  0x0000000000000d5f      0x295 build/default/production/_ext/504274921/plib_sercom4_usart.o
 .debug_abbrev  0x0000000000000ff4      0x1be build/default/production/_ext/829342655/plib_tc0.o
 .debug_abbrev  0x00000000000011b2      0x199 build/default/production/_ext/60181570/plib_tcc0.o
 .debug_abbrev  0x000000000000134b       0xd8 build/default/production/_ext/163028504/xc32_monitor.o
 .debug_abbrev  0x0000000000001423      0x105 build/default/production/_ext/1171490990/initialization.o
 .debug_abbrev  0x0000000000001528       0xc0 build/default/production/_ext/1171490990/interrupts.o
 .debug_abbrev  0x00000000000015e8      0x118 build/default/production/_ext/1171490990/startup_xc32.o
 .debug_abbrev  0x0000000000001700       0x49 build/default/production/_ext/1171490990/exceptions.o
 .debug_abbrev  0x0000000000001749       0xc5 build/default/production/_ext/1687094165/ApplicationControl.o
 .debug_abbrev  0x000000000000180e       0xc4 build/default/production/_ext/1947565061/Hdl_AC.o
 .debug_abbrev  0x00000000000018d2      0x16e build/default/production/_ext/1947565061/Hdl_ADC.o
 .debug_abbrev  0x0000000000001a40       0xfb build/default/production/_ext/1947565061/Hdl_DAC.o
 .debug_abbrev  0x0000000000001b3b      0x183 build/default/production/_ext/1947565061/Hdl_GPIO.o
 .debug_abbrev  0x0000000000001cbe      0x1bb build/default/production/_ext/1947565061/Hdl_timer.o
 .debug_abbrev  0x0000000000001e79       0x82 build/default/production/_ext/1360937237/main.o
 .debug_abbrev  0x0000000000001efb       0x44 c:/program files/microchip/xc32/v4.60/bin/bin/../../lib/gcc/pic32c/8.3.1/../../../../pic32c/lib/thumb/v6-m/nofp\libpic32c.a(data_init.o)
 .debug_abbrev  0x0000000000001f3f      0x133 c:/program files/microchip/xc32/v4.60/bin/bin/../../lib/gcc/pic32c/8.3.1/../../../../pic32c/lib/thumb/v6-m/nofp\libc-musl.a(__libc_start_main.o)
 .debug_abbrev  0x0000000000002072       0xd4 c:/program files/microchip/xc32/v4.60/bin/bin/../../lib/gcc/pic32c/8.3.1/../../../../pic32c/lib/thumb/v6-m/nofp\libc-musl.a(libc.o)
 .debug_abbrev  0x0000000000002146      0x145 c:/program files/microchip/xc32/v4.60/bin/bin/../../lib/gcc/pic32c/8.3.1/../../../../pic32c/lib/thumb/v6-m/nofp\libc-musl.a(stdout.o)
 .debug_abbrev  0x000000000000228b      0x159 c:/program files/microchip/xc32/v4.60/bin/bin/../../lib/gcc/pic32c/8.3.1/../../../../pic32c/lib/thumb/v6-m/nofp\libc-musl.a(puts.o)
 .debug_abbrev  0x00000000000023e4       0x62 c:/program files/microchip/xc32/v4.60/bin/bin/../../lib/gcc/pic32c/8.3.1/../../../../pic32c/lib/thumb/v6-m/nofp\libc-musl.a(__environ.o)
 .debug_abbrev  0x0000000000002446      0x146 c:/program files/microchip/xc32/v4.60/bin/bin/../../lib/gcc/pic32c/8.3.1/../../../../pic32c/lib/thumb/v6-m/nofp\libc-musl.a(fputs.o)
 .debug_abbrev  0x000000000000258c      0x13c c:/program files/microchip/xc32/v4.60/bin/bin/../../lib/gcc/pic32c/8.3.1/../../../../pic32c/lib/thumb/v6-m/nofp\libc-musl.a(fwrite.o)
 .debug_abbrev  0x00000000000026c8      0x122 c:/program files/microchip/xc32/v4.60/bin/bin/../../lib/gcc/pic32c/8.3.1/../../../../pic32c/lib/thumb/v6-m/nofp\libc-musl.a(putc.o)
 .debug_abbrev  0x00000000000027ea       0x65 c:/program files/microchip/xc32/v4.60/bin/bin/../../lib/gcc/pic32c/8.3.1/../../../../pic32c/lib/thumb/v6-m/nofp\libc-musl.a(__init_stdio.o)
 .debug_abbrev  0x000000000000284f       0x14 c:/program files/microchip/xc32/v4.60/bin/bin/../../lib/gcc/pic32c/8.3.1/thumb/v6-m/nofp\libgcc.a(_udivsi3.o)
 .debug_abbrev  0x0000000000002863       0x14 c:/program files/microchip/xc32/v4.60/bin/bin/../../lib/gcc/pic32c/8.3.1/thumb/v6-m/nofp\libgcc.a(_dvmd_tls.o)
 .debug_abbrev  0x0000000000002877       0x91 c:/program files/microchip/xc32/v4.60/bin/bin/../../lib/gcc/pic32c/8.3.1/../../../../pic32c/lib/thumb/v6-m/nofp\libc-size-musl.a(strlen.o)
 .debug_abbrev  0x0000000000002908       0x2e c:/program files/microchip/xc32/v4.60/bin/bin/../../lib/gcc/pic32c/8.3.1/../../../../pic32c/lib/thumb/v6-m/nofp\libpic32c.a(pic32_data_init_clear.o)
 .debug_abbrev  0x0000000000002936       0x2e c:/program files/microchip/xc32/v4.60/bin/bin/../../lib/gcc/pic32c/8.3.1/../../../../pic32c/lib/thumb/v6-m/nofp\libpic32c.a(pic32_data_init_copy.o)

.debug_loc      0x0000000000000000     0x2203
 .debug_loc     0x0000000000000000      0x179 build/default/production/_ext/829343244/plib_ac.o
 .debug_loc     0x0000000000000179      0x14d build/default/production/_ext/60163342/plib_adc0.o
 .debug_loc     0x00000000000002c6       0x45 build/default/production/_ext/1984496892/plib_clock.o
 .debug_loc     0x000000000000030b       0x25 build/default/production/_ext/60166132/plib_dac.o
 .debug_loc     0x0000000000000330      0x110 build/default/production/_ext/60167341/plib_eic.o
 .debug_loc     0x0000000000000440      0x223 build/default/production/_ext/1865468468/plib_nvic.o
 .debug_loc     0x0000000000000663      0x665 build/default/production/_ext/1593096446/plib_nvmctrl.o
 .debug_loc     0x0000000000000cc8      0x2bb build/default/production/_ext/1865521619/plib_port.o
 .debug_loc     0x0000000000000f83      0x5ed build/default/production/_ext/504274921/plib_sercom4_usart.o
 .debug_loc     0x0000000000001570       0x74 build/default/production/_ext/829342655/plib_tc0.o
 .debug_loc     0x00000000000015e4      0x18a build/default/production/_ext/60181570/plib_tcc0.o
 .debug_loc     0x000000000000176e      0x1a2 build/default/production/_ext/163028504/xc32_monitor.o
 .debug_loc     0x0000000000001910       0x45 build/default/production/_ext/1171490990/initialization.o
 .debug_loc     0x0000000000001955       0x20 build/default/production/_ext/1171490990/startup_xc32.o
 .debug_loc     0x0000000000001975       0x20 build/default/production/_ext/1687094165/ApplicationControl.o
 .debug_loc     0x0000000000001995       0xaa build/default/production/_ext/1947565061/Hdl_AC.o
 .debug_loc     0x0000000000001a3f       0x9d build/default/production/_ext/1947565061/Hdl_ADC.o
 .debug_loc     0x0000000000001adc       0x7a build/default/production/_ext/1947565061/Hdl_DAC.o
 .debug_loc     0x0000000000001b56       0x85 build/default/production/_ext/1947565061/Hdl_GPIO.o
 .debug_loc     0x0000000000001bdb       0x84 build/default/production/_ext/1947565061/Hdl_timer.o
 .debug_loc     0x0000000000001c5f       0x20 build/default/production/_ext/1360937237/main.o
 .debug_loc     0x0000000000001c7f       0x14 c:/program files/microchip/xc32/v4.60/bin/bin/../../lib/gcc/pic32c/8.3.1/../../../../pic32c/lib/thumb/v6-m/nofp\libpic32c.a(data_init.o)
 .debug_loc     0x0000000000001c93       0x5e c:/program files/microchip/xc32/v4.60/bin/bin/../../lib/gcc/pic32c/8.3.1/../../../../pic32c/lib/thumb/v6-m/nofp\libc-musl.a(__libc_start_main.o)
 .debug_loc     0x0000000000001cf1       0x40 c:/program files/microchip/xc32/v4.60/bin/bin/../../lib/gcc/pic32c/8.3.1/../../../../pic32c/lib/thumb/v6-m/nofp\libc-musl.a(stdout.o)
 .debug_loc     0x0000000000001d31       0x6a c:/program files/microchip/xc32/v4.60/bin/bin/../../lib/gcc/pic32c/8.3.1/../../../../pic32c/lib/thumb/v6-m/nofp\libc-musl.a(puts.o)
 .debug_loc     0x0000000000001d9b       0xb3 c:/program files/microchip/xc32/v4.60/bin/bin/../../lib/gcc/pic32c/8.3.1/../../../../pic32c/lib/thumb/v6-m/nofp\libc-musl.a(fputs.o)
 .debug_loc     0x0000000000001e4e      0x1c5 c:/program files/microchip/xc32/v4.60/bin/bin/../../lib/gcc/pic32c/8.3.1/../../../../pic32c/lib/thumb/v6-m/nofp\libc-musl.a(fwrite.o)
 .debug_loc     0x0000000000002013      0x13b c:/program files/microchip/xc32/v4.60/bin/bin/../../lib/gcc/pic32c/8.3.1/../../../../pic32c/lib/thumb/v6-m/nofp\libc-musl.a(putc.o)
 .debug_loc     0x000000000000214e       0x20 c:/program files/microchip/xc32/v4.60/bin/bin/../../lib/gcc/pic32c/8.3.1/../../../../pic32c/lib/thumb/v6-m/nofp\libc-musl.a(__init_stdio.o)
 .debug_loc     0x000000000000216e       0x81 c:/program files/microchip/xc32/v4.60/bin/bin/../../lib/gcc/pic32c/8.3.1/../../../../pic32c/lib/thumb/v6-m/nofp\libc-size-musl.a(strlen.o)
 .debug_loc     0x00000000000021ef       0x14 c:/program files/microchip/xc32/v4.60/bin/bin/../../lib/gcc/pic32c/8.3.1/../../../../pic32c/lib/thumb/v6-m/nofp\libpic32c.a(pic32_data_init_copy.o)

.debug_aranges  0x0000000000000000      0x8a0
 .debug_aranges
                0x0000000000000000       0x58 build/default/production/_ext/829343244/plib_ac.o
 .debug_aranges
                0x0000000000000058       0x80 build/default/production/_ext/60163342/plib_adc0.o
 .debug_aranges
                0x00000000000000d8       0x20 build/default/production/_ext/1984496892/plib_clock.o
 .debug_aranges
                0x00000000000000f8       0x30 build/default/production/_ext/60166132/plib_dac.o
 .debug_aranges
                0x0000000000000128       0x40 build/default/production/_ext/60167341/plib_eic.o
 .debug_aranges
                0x0000000000000168       0x20 build/default/production/_ext/1986646378/plib_evsys.o
 .debug_aranges
                0x0000000000000188       0x48 build/default/production/_ext/1865468468/plib_nvic.o
 .debug_aranges
                0x00000000000001d0       0xa0 build/default/production/_ext/1593096446/plib_nvmctrl.o
 .debug_aranges
                0x0000000000000270       0x70 build/default/production/_ext/1865521619/plib_port.o
 .debug_aranges
                0x00000000000002e0       0xa8 build/default/production/_ext/504274921/plib_sercom4_usart.o
 .debug_aranges
                0x0000000000000388       0x70 build/default/production/_ext/829342655/plib_tc0.o
 .debug_aranges
                0x00000000000003f8       0x88 build/default/production/_ext/60181570/plib_tcc0.o
 .debug_aranges
                0x0000000000000480       0x28 build/default/production/_ext/163028504/xc32_monitor.o
 .debug_aranges
                0x00000000000004a8       0x20 build/default/production/_ext/1171490990/initialization.o
 .debug_aranges
                0x00000000000004c8       0x20 build/default/production/_ext/1171490990/interrupts.o
 .debug_aranges
                0x00000000000004e8       0x28 build/default/production/_ext/1171490990/startup_xc32.o
 .debug_aranges
                0x0000000000000510       0x28 build/default/production/_ext/1171490990/exceptions.o
 .debug_aranges
                0x0000000000000538       0x20 build/default/production/_ext/1687094165/ApplicationControl.o
 .debug_aranges
                0x0000000000000558       0x30 build/default/production/_ext/1947565061/Hdl_AC.o
 .debug_aranges
                0x0000000000000588       0x30 build/default/production/_ext/1947565061/Hdl_ADC.o
 .debug_aranges
                0x00000000000005b8       0x28 build/default/production/_ext/1947565061/Hdl_DAC.o
 .debug_aranges
                0x00000000000005e0       0x48 build/default/production/_ext/1947565061/Hdl_GPIO.o
 .debug_aranges
                0x0000000000000628       0x40 build/default/production/_ext/1947565061/Hdl_timer.o
 .debug_aranges
                0x0000000000000668       0x20 build/default/production/_ext/1360937237/main.o
 .debug_aranges
                0x0000000000000688       0x30 c:/program files/microchip/xc32/v4.60/bin/bin/../../lib/gcc/pic32c/8.3.1/../../../../pic32c/lib/thumb/v6-m/nofp\libpic32c.a(data_init.o)
 .debug_aranges
                0x00000000000006b8       0x28 c:/program files/microchip/xc32/v4.60/bin/bin/../../lib/gcc/pic32c/8.3.1/../../../../pic32c/lib/thumb/v6-m/nofp\libc-musl.a(__libc_start_main.o)
 .debug_aranges
                0x00000000000006e0       0x18 c:/program files/microchip/xc32/v4.60/bin/bin/../../lib/gcc/pic32c/8.3.1/../../../../pic32c/lib/thumb/v6-m/nofp\libc-musl.a(libc.o)
 .debug_aranges
                0x00000000000006f8       0x30 c:/program files/microchip/xc32/v4.60/bin/bin/../../lib/gcc/pic32c/8.3.1/../../../../pic32c/lib/thumb/v6-m/nofp\libc-musl.a(stdout.o)
 .debug_aranges
                0x0000000000000728       0x20 c:/program files/microchip/xc32/v4.60/bin/bin/../../lib/gcc/pic32c/8.3.1/../../../../pic32c/lib/thumb/v6-m/nofp\libc-musl.a(puts.o)
 .debug_aranges
                0x0000000000000748       0x18 c:/program files/microchip/xc32/v4.60/bin/bin/../../lib/gcc/pic32c/8.3.1/../../../../pic32c/lib/thumb/v6-m/nofp\libc-musl.a(__environ.o)
 .debug_aranges
                0x0000000000000760       0x20 c:/program files/microchip/xc32/v4.60/bin/bin/../../lib/gcc/pic32c/8.3.1/../../../../pic32c/lib/thumb/v6-m/nofp\libc-musl.a(fputs.o)
 .debug_aranges
                0x0000000000000780       0x28 c:/program files/microchip/xc32/v4.60/bin/bin/../../lib/gcc/pic32c/8.3.1/../../../../pic32c/lib/thumb/v6-m/nofp\libc-musl.a(fwrite.o)
 .debug_aranges
                0x00000000000007a8       0x30 c:/program files/microchip/xc32/v4.60/bin/bin/../../lib/gcc/pic32c/8.3.1/../../../../pic32c/lib/thumb/v6-m/nofp\libc-musl.a(putc.o)
 .debug_aranges
                0x00000000000007d8       0x28 c:/program files/microchip/xc32/v4.60/bin/bin/../../lib/gcc/pic32c/8.3.1/../../../../pic32c/lib/thumb/v6-m/nofp\libc-musl.a(__init_stdio.o)
 .debug_aranges
                0x0000000000000800       0x20 c:/program files/microchip/xc32/v4.60/bin/bin/../../lib/gcc/pic32c/8.3.1/thumb/v6-m/nofp\libgcc.a(_udivsi3.o)
 .debug_aranges
                0x0000000000000820       0x20 c:/program files/microchip/xc32/v4.60/bin/bin/../../lib/gcc/pic32c/8.3.1/thumb/v6-m/nofp\libgcc.a(_dvmd_tls.o)
 .debug_aranges
                0x0000000000000840       0x20 c:/program files/microchip/xc32/v4.60/bin/bin/../../lib/gcc/pic32c/8.3.1/../../../../pic32c/lib/thumb/v6-m/nofp\libc-size-musl.a(strlen.o)
 .debug_aranges
                0x0000000000000860       0x20 c:/program files/microchip/xc32/v4.60/bin/bin/../../lib/gcc/pic32c/8.3.1/../../../../pic32c/lib/thumb/v6-m/nofp\libpic32c.a(pic32_data_init_clear.o)
 .debug_aranges
                0x0000000000000880       0x20 c:/program files/microchip/xc32/v4.60/bin/bin/../../lib/gcc/pic32c/8.3.1/../../../../pic32c/lib/thumb/v6-m/nofp\libpic32c.a(pic32_data_init_copy.o)

.debug_ranges   0x0000000000000000      0x630
 .debug_ranges  0x0000000000000000       0x48 build/default/production/_ext/829343244/plib_ac.o
 .debug_ranges  0x0000000000000048       0x70 build/default/production/_ext/60163342/plib_adc0.o
 .debug_ranges  0x00000000000000b8       0x10 build/default/production/_ext/1984496892/plib_clock.o
 .debug_ranges  0x00000000000000c8       0x20 build/default/production/_ext/60166132/plib_dac.o
 .debug_ranges  0x00000000000000e8       0x30 build/default/production/_ext/60167341/plib_eic.o
 .debug_ranges  0x0000000000000118       0x10 build/default/production/_ext/1986646378/plib_evsys.o
 .debug_ranges  0x0000000000000128       0x50 build/default/production/_ext/1865468468/plib_nvic.o
 .debug_ranges  0x0000000000000178       0x90 build/default/production/_ext/1593096446/plib_nvmctrl.o
 .debug_ranges  0x0000000000000208       0x60 build/default/production/_ext/1865521619/plib_port.o
 .debug_ranges  0x0000000000000268       0x98 build/default/production/_ext/504274921/plib_sercom4_usart.o
 .debug_ranges  0x0000000000000300       0x60 build/default/production/_ext/829342655/plib_tc0.o
 .debug_ranges  0x0000000000000360       0x78 build/default/production/_ext/60181570/plib_tcc0.o
 .debug_ranges  0x00000000000003d8       0x18 build/default/production/_ext/163028504/xc32_monitor.o
 .debug_ranges  0x00000000000003f0       0x10 build/default/production/_ext/1171490990/initialization.o
 .debug_ranges  0x0000000000000400       0x10 build/default/production/_ext/1171490990/interrupts.o
 .debug_ranges  0x0000000000000410       0x18 build/default/production/_ext/1171490990/startup_xc32.o
 .debug_ranges  0x0000000000000428       0x18 build/default/production/_ext/1171490990/exceptions.o
 .debug_ranges  0x0000000000000440       0x10 build/default/production/_ext/1687094165/ApplicationControl.o
 .debug_ranges  0x0000000000000450       0x20 build/default/production/_ext/1947565061/Hdl_AC.o
 .debug_ranges  0x0000000000000470       0x20 build/default/production/_ext/1947565061/Hdl_ADC.o
 .debug_ranges  0x0000000000000490       0x18 build/default/production/_ext/1947565061/Hdl_DAC.o
 .debug_ranges  0x00000000000004a8       0x38 build/default/production/_ext/1947565061/Hdl_GPIO.o
 .debug_ranges  0x00000000000004e0       0x30 build/default/production/_ext/1947565061/Hdl_timer.o
 .debug_ranges  0x0000000000000510       0x10 build/default/production/_ext/1360937237/main.o
 .debug_ranges  0x0000000000000520       0x20 c:/program files/microchip/xc32/v4.60/bin/bin/../../lib/gcc/pic32c/8.3.1/../../../../pic32c/lib/thumb/v6-m/nofp\libpic32c.a(data_init.o)
 .debug_ranges  0x0000000000000540       0x30 c:/program files/microchip/xc32/v4.60/bin/bin/../../lib/gcc/pic32c/8.3.1/../../../../pic32c/lib/thumb/v6-m/nofp\libc-musl.a(__libc_start_main.o)
 .debug_ranges  0x0000000000000570       0x20 c:/program files/microchip/xc32/v4.60/bin/bin/../../lib/gcc/pic32c/8.3.1/../../../../pic32c/lib/thumb/v6-m/nofp\libc-musl.a(stdout.o)
 .debug_ranges  0x0000000000000590       0x10 c:/program files/microchip/xc32/v4.60/bin/bin/../../lib/gcc/pic32c/8.3.1/../../../../pic32c/lib/thumb/v6-m/nofp\libc-musl.a(puts.o)
 .debug_ranges  0x00000000000005a0       0x10 c:/program files/microchip/xc32/v4.60/bin/bin/../../lib/gcc/pic32c/8.3.1/../../../../pic32c/lib/thumb/v6-m/nofp\libc-musl.a(fputs.o)
 .debug_ranges  0x00000000000005b0       0x18 c:/program files/microchip/xc32/v4.60/bin/bin/../../lib/gcc/pic32c/8.3.1/../../../../pic32c/lib/thumb/v6-m/nofp\libc-musl.a(fwrite.o)
 .debug_ranges  0x00000000000005c8       0x20 c:/program files/microchip/xc32/v4.60/bin/bin/../../lib/gcc/pic32c/8.3.1/../../../../pic32c/lib/thumb/v6-m/nofp\libc-musl.a(putc.o)
 .debug_ranges  0x00000000000005e8       0x18 c:/program files/microchip/xc32/v4.60/bin/bin/../../lib/gcc/pic32c/8.3.1/../../../../pic32c/lib/thumb/v6-m/nofp\libc-musl.a(__init_stdio.o)
 .debug_ranges  0x0000000000000600       0x10 c:/program files/microchip/xc32/v4.60/bin/bin/../../lib/gcc/pic32c/8.3.1/../../../../pic32c/lib/thumb/v6-m/nofp\libc-size-musl.a(strlen.o)
 .debug_ranges  0x0000000000000610       0x10 c:/program files/microchip/xc32/v4.60/bin/bin/../../lib/gcc/pic32c/8.3.1/../../../../pic32c/lib/thumb/v6-m/nofp\libpic32c.a(pic32_data_init_clear.o)
 .debug_ranges  0x0000000000000620       0x10 c:/program files/microchip/xc32/v4.60/bin/bin/../../lib/gcc/pic32c/8.3.1/../../../../pic32c/lib/thumb/v6-m/nofp\libpic32c.a(pic32_data_init_copy.o)

.debug_line     0x0000000000000000     0x48c6
 .debug_line    0x0000000000000000      0x2ee build/default/production/_ext/829343244/plib_ac.o
 .debug_line    0x00000000000002ee      0x39a build/default/production/_ext/60163342/plib_adc0.o
 .debug_line    0x0000000000000688      0x283 build/default/production/_ext/1984496892/plib_clock.o
 .debug_line    0x000000000000090b      0x161 build/default/production/_ext/60166132/plib_dac.o
 .debug_line    0x0000000000000a6c      0x2ae build/default/production/_ext/60167341/plib_eic.o
 .debug_line    0x0000000000000d1a       0x66 build/default/production/_ext/1986646378/plib_evsys.o
 .debug_line    0x0000000000000d80      0x453 build/default/production/_ext/1865468468/plib_nvic.o
 .debug_line    0x00000000000011d3      0x44e build/default/production/_ext/1593096446/plib_nvmctrl.o
 .debug_line    0x0000000000001621      0x35c build/default/production/_ext/1865521619/plib_port.o
 .debug_line    0x000000000000197d      0x628 build/default/production/_ext/504274921/plib_sercom4_usart.o
 .debug_line    0x0000000000001fa5      0x343 build/default/production/_ext/829342655/plib_tc0.o
 .debug_line    0x00000000000022e8      0x40d build/default/production/_ext/60181570/plib_tcc0.o
 .debug_line    0x00000000000026f5      0x14e build/default/production/_ext/163028504/xc32_monitor.o
 .debug_line    0x0000000000002843      0x382 build/default/production/_ext/1171490990/initialization.o
 .debug_line    0x0000000000002bc5       0xba build/default/production/_ext/1171490990/interrupts.o
 .debug_line    0x0000000000002c7f      0x157 build/default/production/_ext/1171490990/startup_xc32.o
 .debug_line    0x0000000000002dd6       0x6f build/default/production/_ext/1171490990/exceptions.o
 .debug_line    0x0000000000002e45      0x18c build/default/production/_ext/1687094165/ApplicationControl.o
 .debug_line    0x0000000000002fd1      0x114 build/default/production/_ext/1947565061/Hdl_AC.o
 .debug_line    0x00000000000030e5      0x168 build/default/production/_ext/1947565061/Hdl_ADC.o
 .debug_line    0x000000000000324d      0x127 build/default/production/_ext/1947565061/Hdl_DAC.o
 .debug_line    0x0000000000003374      0x18e build/default/production/_ext/1947565061/Hdl_GPIO.o
 .debug_line    0x0000000000003502      0x232 build/default/production/_ext/1947565061/Hdl_timer.o
 .debug_line    0x0000000000003734       0x6e build/default/production/_ext/1360937237/main.o
 .debug_line    0x00000000000037a2       0xa5 c:/program files/microchip/xc32/v4.60/bin/bin/../../lib/gcc/pic32c/8.3.1/../../../../pic32c/lib/thumb/v6-m/nofp\libpic32c.a(data_init.o)
 .debug_line    0x0000000000003847      0x1bc c:/program files/microchip/xc32/v4.60/bin/bin/../../lib/gcc/pic32c/8.3.1/../../../../pic32c/lib/thumb/v6-m/nofp\libc-musl.a(__libc_start_main.o)
 .debug_line    0x0000000000003a03       0xb5 c:/program files/microchip/xc32/v4.60/bin/bin/../../lib/gcc/pic32c/8.3.1/../../../../pic32c/lib/thumb/v6-m/nofp\libc-musl.a(libc.o)
 .debug_line    0x0000000000003ab8      0x191 c:/program files/microchip/xc32/v4.60/bin/bin/../../lib/gcc/pic32c/8.3.1/../../../../pic32c/lib/thumb/v6-m/nofp\libc-musl.a(stdout.o)
 .debug_line    0x0000000000003c49      0x1c6 c:/program files/microchip/xc32/v4.60/bin/bin/../../lib/gcc/pic32c/8.3.1/../../../../pic32c/lib/thumb/v6-m/nofp\libc-musl.a(puts.o)
 .debug_line    0x0000000000003e0f       0xfb c:/program files/microchip/xc32/v4.60/bin/bin/../../lib/gcc/pic32c/8.3.1/../../../../pic32c/lib/thumb/v6-m/nofp\libc-musl.a(__environ.o)
 .debug_line    0x0000000000003f0a      0x236 c:/program files/microchip/xc32/v4.60/bin/bin/../../lib/gcc/pic32c/8.3.1/../../../../pic32c/lib/thumb/v6-m/nofp\libc-musl.a(fputs.o)
 .debug_line    0x0000000000004140      0x1f5 c:/program files/microchip/xc32/v4.60/bin/bin/../../lib/gcc/pic32c/8.3.1/../../../../pic32c/lib/thumb/v6-m/nofp\libc-musl.a(fwrite.o)
 .debug_line    0x0000000000004335      0x1a3 c:/program files/microchip/xc32/v4.60/bin/bin/../../lib/gcc/pic32c/8.3.1/../../../../pic32c/lib/thumb/v6-m/nofp\libc-musl.a(putc.o)
 .debug_line    0x00000000000044d8       0xd0 c:/program files/microchip/xc32/v4.60/bin/bin/../../lib/gcc/pic32c/8.3.1/../../../../pic32c/lib/thumb/v6-m/nofp\libc-musl.a(__init_stdio.o)
 .debug_line    0x00000000000045a8       0xa8 c:/program files/microchip/xc32/v4.60/bin/bin/../../lib/gcc/pic32c/8.3.1/thumb/v6-m/nofp\libgcc.a(_udivsi3.o)
 .debug_line    0x0000000000004650       0x91 c:/program files/microchip/xc32/v4.60/bin/bin/../../lib/gcc/pic32c/8.3.1/thumb/v6-m/nofp\libgcc.a(_dvmd_tls.o)
 .debug_line    0x00000000000046e1       0xee c:/program files/microchip/xc32/v4.60/bin/bin/../../lib/gcc/pic32c/8.3.1/../../../../pic32c/lib/thumb/v6-m/nofp\libc-size-musl.a(strlen.o)
 .debug_line    0x00000000000047cf       0x6f c:/program files/microchip/xc32/v4.60/bin/bin/../../lib/gcc/pic32c/8.3.1/../../../../pic32c/lib/thumb/v6-m/nofp\libpic32c.a(pic32_data_init_clear.o)
 .debug_line    0x000000000000483e       0x88 c:/program files/microchip/xc32/v4.60/bin/bin/../../lib/gcc/pic32c/8.3.1/../../../../pic32c/lib/thumb/v6-m/nofp\libpic32c.a(pic32_data_init_copy.o)

.debug_str      0x0000000000000000     0x98f3
 .debug_str     0x0000000000000000      0x590 build/default/production/_ext/829343244/plib_ac.o
 .debug_str     0x0000000000000590      0x7fa build/default/production/_ext/60163342/plib_adc0.o
 .debug_str     0x0000000000000d8a      0x629 build/default/production/_ext/1984496892/plib_clock.o
 .debug_str     0x00000000000013b3      0x389 build/default/production/_ext/60166132/plib_dac.o
 .debug_str     0x000000000000173c      0x40d build/default/production/_ext/60167341/plib_eic.o
 .debug_str     0x0000000000001b49      0x2a4 build/default/production/_ext/1986646378/plib_evsys.o
 .debug_str     0x0000000000001ded      0x638 build/default/production/_ext/1865468468/plib_nvic.o
 .debug_str     0x0000000000002425      0x588 build/default/production/_ext/1593096446/plib_nvmctrl.o
 .debug_str     0x00000000000029ad      0x856 build/default/production/_ext/1865521619/plib_port.o
 .debug_str     0x0000000000003203      0x897 build/default/production/_ext/504274921/plib_sercom4_usart.o
 .debug_str     0x0000000000003a9a      0x5c1 build/default/production/_ext/829342655/plib_tc0.o
 .debug_str     0x000000000000405b      0x5cb build/default/production/_ext/60181570/plib_tcc0.o
 .debug_str     0x0000000000004626      0x2ec build/default/production/_ext/163028504/xc32_monitor.o
 .debug_str     0x0000000000004912      0x482 build/default/production/_ext/1171490990/initialization.o
 .debug_str     0x0000000000004d94      0x5ef build/default/production/_ext/1171490990/interrupts.o
 .debug_str     0x0000000000005383      0x31d build/default/production/_ext/1171490990/startup_xc32.o
 .debug_str     0x00000000000056a0      0x2b1 build/default/production/_ext/1171490990/exceptions.o
 .debug_str     0x0000000000005951      0x4c1 build/default/production/_ext/1687094165/ApplicationControl.o
 .debug_str     0x0000000000005e12      0x32a build/default/production/_ext/1947565061/Hdl_AC.o
 .debug_str     0x000000000000613c      0x481 build/default/production/_ext/1947565061/Hdl_ADC.o
 .debug_str     0x00000000000065bd      0x2c2 build/default/production/_ext/1947565061/Hdl_DAC.o
 .debug_str     0x000000000000687f      0x423 build/default/production/_ext/1947565061/Hdl_GPIO.o
 .debug_str     0x0000000000006ca2      0x541 build/default/production/_ext/1947565061/Hdl_timer.o
 .debug_str     0x00000000000071e3      0x29a build/default/production/_ext/1360937237/main.o
 .debug_str     0x000000000000747d      0x1fc c:/program files/microchip/xc32/v4.60/bin/bin/../../lib/gcc/pic32c/8.3.1/../../../../pic32c/lib/thumb/v6-m/nofp\libpic32c.a(data_init.o)
 .debug_str     0x0000000000007679      0x3ca c:/program files/microchip/xc32/v4.60/bin/bin/../../lib/gcc/pic32c/8.3.1/../../../../pic32c/lib/thumb/v6-m/nofp\libc-musl.a(__libc_start_main.o)
 .debug_str     0x0000000000007a43      0x335 c:/program files/microchip/xc32/v4.60/bin/bin/../../lib/gcc/pic32c/8.3.1/../../../../pic32c/lib/thumb/v6-m/nofp\libc-musl.a(libc.o)
 .debug_str     0x0000000000007d78      0x308 c:/program files/microchip/xc32/v4.60/bin/bin/../../lib/gcc/pic32c/8.3.1/../../../../pic32c/lib/thumb/v6-m/nofp\libc-musl.a(stdout.o)
 .debug_str     0x0000000000008080      0x344 c:/program files/microchip/xc32/v4.60/bin/bin/../../lib/gcc/pic32c/8.3.1/../../../../pic32c/lib/thumb/v6-m/nofp\libc-musl.a(puts.o)
 .debug_str     0x00000000000083c4      0x235 c:/program files/microchip/xc32/v4.60/bin/bin/../../lib/gcc/pic32c/8.3.1/../../../../pic32c/lib/thumb/v6-m/nofp\libc-musl.a(__environ.o)
 .debug_str     0x00000000000085f9      0x338 c:/program files/microchip/xc32/v4.60/bin/bin/../../lib/gcc/pic32c/8.3.1/../../../../pic32c/lib/thumb/v6-m/nofp\libc-musl.a(fputs.o)
 .debug_str     0x0000000000008931      0x2d3 c:/program files/microchip/xc32/v4.60/bin/bin/../../lib/gcc/pic32c/8.3.1/../../../../pic32c/lib/thumb/v6-m/nofp\libc-musl.a(fwrite.o)
 .debug_str     0x0000000000008c04      0x2ea c:/program files/microchip/xc32/v4.60/bin/bin/../../lib/gcc/pic32c/8.3.1/../../../../pic32c/lib/thumb/v6-m/nofp\libc-musl.a(putc.o)
 .debug_str     0x0000000000008eee      0x29a c:/program files/microchip/xc32/v4.60/bin/bin/../../lib/gcc/pic32c/8.3.1/../../../../pic32c/lib/thumb/v6-m/nofp\libc-musl.a(__init_stdio.o)
 .debug_str     0x0000000000009188       0xd6 c:/program files/microchip/xc32/v4.60/bin/bin/../../lib/gcc/pic32c/8.3.1/thumb/v6-m/nofp\libgcc.a(_udivsi3.o)
 .debug_str     0x000000000000925e       0xd6 c:/program files/microchip/xc32/v4.60/bin/bin/../../lib/gcc/pic32c/8.3.1/thumb/v6-m/nofp\libgcc.a(_dvmd_tls.o)
 .debug_str     0x0000000000009334      0x217 c:/program files/microchip/xc32/v4.60/bin/bin/../../lib/gcc/pic32c/8.3.1/../../../../pic32c/lib/thumb/v6-m/nofp\libc-size-musl.a(strlen.o)
 .debug_str     0x000000000000954b      0x1d5 c:/program files/microchip/xc32/v4.60/bin/bin/../../lib/gcc/pic32c/8.3.1/../../../../pic32c/lib/thumb/v6-m/nofp\libpic32c.a(pic32_data_init_clear.o)
 .debug_str     0x0000000000009720      0x1d3 c:/program files/microchip/xc32/v4.60/bin/bin/../../lib/gcc/pic32c/8.3.1/../../../../pic32c/lib/thumb/v6-m/nofp\libpic32c.a(pic32_data_init_copy.o)

.debug_frame    0x0000000000000000      0xe08
 .debug_frame   0x0000000000000000       0xa0 build/default/production/_ext/829343244/plib_ac.o
 .debug_frame   0x00000000000000a0       0xe0 build/default/production/_ext/60163342/plib_adc0.o
 .debug_frame   0x0000000000000180       0x20 build/default/production/_ext/1984496892/plib_clock.o
 .debug_frame   0x00000000000001a0       0x40 build/default/production/_ext/60166132/plib_dac.o
 .debug_frame   0x00000000000001e0       0x84 build/default/production/_ext/60167341/plib_eic.o
 .debug_frame   0x0000000000000264       0x20 build/default/production/_ext/1986646378/plib_evsys.o
 .debug_frame   0x0000000000000284       0x84 build/default/production/_ext/1865468468/plib_nvic.o
 .debug_frame   0x0000000000000308      0x148 build/default/production/_ext/1593096446/plib_nvmctrl.o
 .debug_frame   0x0000000000000450       0xe4 build/default/production/_ext/1865521619/plib_port.o
 .debug_frame   0x0000000000000534      0x160 build/default/production/_ext/504274921/plib_sercom4_usart.o
 .debug_frame   0x0000000000000694       0xc8 build/default/production/_ext/829342655/plib_tc0.o
 .debug_frame   0x000000000000075c       0xf8 build/default/production/_ext/60181570/plib_tcc0.o
 .debug_frame   0x0000000000000854       0x44 build/default/production/_ext/163028504/xc32_monitor.o
 .debug_frame   0x0000000000000898       0x28 build/default/production/_ext/1171490990/initialization.o
 .debug_frame   0x00000000000008c0       0x20 build/default/production/_ext/1171490990/interrupts.o
 .debug_frame   0x00000000000008e0       0x38 build/default/production/_ext/1171490990/startup_xc32.o
 .debug_frame   0x0000000000000918       0x30 build/default/production/_ext/1171490990/exceptions.o
 .debug_frame   0x0000000000000948       0x2c build/default/production/_ext/1687094165/ApplicationControl.o
 .debug_frame   0x0000000000000974       0x58 build/default/production/_ext/1947565061/Hdl_AC.o
 .debug_frame   0x00000000000009cc       0x50 build/default/production/_ext/1947565061/Hdl_ADC.o
 .debug_frame   0x0000000000000a1c       0x40 build/default/production/_ext/1947565061/Hdl_DAC.o
 .debug_frame   0x0000000000000a5c       0x88 build/default/production/_ext/1947565061/Hdl_GPIO.o
 .debug_frame   0x0000000000000ae4       0x78 build/default/production/_ext/1947565061/Hdl_timer.o
 .debug_frame   0x0000000000000b5c       0x28 build/default/production/_ext/1360937237/main.o
 .debug_frame   0x0000000000000b84       0x48 c:/program files/microchip/xc32/v4.60/bin/bin/../../lib/gcc/pic32c/8.3.1/../../../../pic32c/lib/thumb/v6-m/nofp\libpic32c.a(data_init.o)
 .debug_frame   0x0000000000000bcc       0x38 c:/program files/microchip/xc32/v4.60/bin/bin/../../lib/gcc/pic32c/8.3.1/../../../../pic32c/lib/thumb/v6-m/nofp\libc-musl.a(__libc_start_main.o)
 .debug_frame   0x0000000000000c04       0x50 c:/program files/microchip/xc32/v4.60/bin/bin/../../lib/gcc/pic32c/8.3.1/../../../../pic32c/lib/thumb/v6-m/nofp\libc-musl.a(stdout.o)
 .debug_frame   0x0000000000000c54       0x28 c:/program files/microchip/xc32/v4.60/bin/bin/../../lib/gcc/pic32c/8.3.1/../../../../pic32c/lib/thumb/v6-m/nofp\libc-musl.a(puts.o)
 .debug_frame   0x0000000000000c7c       0x2c c:/program files/microchip/xc32/v4.60/bin/bin/../../lib/gcc/pic32c/8.3.1/../../../../pic32c/lib/thumb/v6-m/nofp\libc-musl.a(fputs.o)
 .debug_frame   0x0000000000000ca8       0x44 c:/program files/microchip/xc32/v4.60/bin/bin/../../lib/gcc/pic32c/8.3.1/../../../../pic32c/lib/thumb/v6-m/nofp\libc-musl.a(fwrite.o)
 .debug_frame   0x0000000000000cec       0x5c c:/program files/microchip/xc32/v4.60/bin/bin/../../lib/gcc/pic32c/8.3.1/../../../../pic32c/lib/thumb/v6-m/nofp\libc-musl.a(putc.o)
 .debug_frame   0x0000000000000d48       0x38 c:/program files/microchip/xc32/v4.60/bin/bin/../../lib/gcc/pic32c/8.3.1/../../../../pic32c/lib/thumb/v6-m/nofp\libc-musl.a(__init_stdio.o)
 .debug_frame   0x0000000000000d80       0x20 c:/program files/microchip/xc32/v4.60/bin/bin/../../lib/gcc/pic32c/8.3.1/thumb/v6-m/nofp\libgcc.a(_udivsi3.o)
 .debug_frame   0x0000000000000da0       0x20 c:/program files/microchip/xc32/v4.60/bin/bin/../../lib/gcc/pic32c/8.3.1/../../../../pic32c/lib/thumb/v6-m/nofp\libc-size-musl.a(strlen.o)
 .debug_frame   0x0000000000000dc0       0x20 c:/program files/microchip/xc32/v4.60/bin/bin/../../lib/gcc/pic32c/8.3.1/../../../../pic32c/lib/thumb/v6-m/nofp\libpic32c.a(pic32_data_init_clear.o)
 .debug_frame   0x0000000000000de0       0x28 c:/program files/microchip/xc32/v4.60/bin/bin/../../lib/gcc/pic32c/8.3.1/../../../../pic32c/lib/thumb/v6-m/nofp\libpic32c.a(pic32_data_init_copy.o)

.note.GNU-stack
                0x0000000000000000        0x0
 .note.GNU-stack
                0x0000000000000000        0x0 c:/program files/microchip/xc32/v4.60/bin/bin/../../lib/gcc/pic32c/8.3.1/../../../../pic32c/lib/thumb/v6-m/nofp\libc-musl.a(__libc_start_main.o)
 .note.GNU-stack
                0x0000000000000000        0x0 c:/program files/microchip/xc32/v4.60/bin/bin/../../lib/gcc/pic32c/8.3.1/../../../../pic32c/lib/thumb/v6-m/nofp\libc-musl.a(libc.o)
 .note.GNU-stack
                0x0000000000000000        0x0 c:/program files/microchip/xc32/v4.60/bin/bin/../../lib/gcc/pic32c/8.3.1/../../../../pic32c/lib/thumb/v6-m/nofp\libc-musl.a(stdout.o)
 .note.GNU-stack
                0x0000000000000000        0x0 c:/program files/microchip/xc32/v4.60/bin/bin/../../lib/gcc/pic32c/8.3.1/../../../../pic32c/lib/thumb/v6-m/nofp\libc-musl.a(puts.o)
 .note.GNU-stack
                0x0000000000000000        0x0 c:/program files/microchip/xc32/v4.60/bin/bin/../../lib/gcc/pic32c/8.3.1/../../../../pic32c/lib/thumb/v6-m/nofp\libc-musl.a(__environ.o)
 .note.GNU-stack
                0x0000000000000000        0x0 c:/program files/microchip/xc32/v4.60/bin/bin/../../lib/gcc/pic32c/8.3.1/../../../../pic32c/lib/thumb/v6-m/nofp\libc-musl.a(fputs.o)
 .note.GNU-stack
                0x0000000000000000        0x0 c:/program files/microchip/xc32/v4.60/bin/bin/../../lib/gcc/pic32c/8.3.1/../../../../pic32c/lib/thumb/v6-m/nofp\libc-musl.a(fwrite.o)
 .note.GNU-stack
                0x0000000000000000        0x0 c:/program files/microchip/xc32/v4.60/bin/bin/../../lib/gcc/pic32c/8.3.1/../../../../pic32c/lib/thumb/v6-m/nofp\libc-musl.a(putc.o)
 .note.GNU-stack
                0x0000000000000000        0x0 c:/program files/microchip/xc32/v4.60/bin/bin/../../lib/gcc/pic32c/8.3.1/../../../../pic32c/lib/thumb/v6-m/nofp\libc-musl.a(__init_stdio.o)
 .note.GNU-stack
                0x0000000000000000        0x0 c:/program files/microchip/xc32/v4.60/bin/bin/../../lib/gcc/pic32c/8.3.1/../../../../pic32c/lib/thumb/v6-m/nofp\libc-size-musl.a(strlen.o)

__xc_reference_data
                0x0000000000000000       0x34
 __xc_reference_data
                0x0000000000000000        0x8 c:/program files/microchip/xc32/v4.60/bin/bin/../../lib/gcc/pic32c/8.3.1/../../../../pic32c/lib/thumb/v6-m/nofp\libc-musl.a(stdout.o)
                0x0000000000000000                __stdout_needs_init
 __xc_reference_data
                0x0000000000000008       0x14 c:/program files/microchip/xc32/v4.60/bin/bin/../../lib/gcc/pic32c/8.3.1/../../../../pic32c/lib/thumb/v6-m/nofp\libc-musl.a(__io_init_needed.o)
                0x0000000000000008                __io_init_needed
                0x0000000000000014                __io_init_needs_file
 __xc_reference_data
                0x000000000000001c        0xc c:/program files/microchip/xc32/v4.60/bin/bin/../../lib/gcc/pic32c/8.3.1/../../../../pic32c/lib/thumb/v6-m/nofp\libc-musl.a(putc.o)
                0x000000000000001c                __putc_needs_out
 __xc_reference_data
                0x0000000000000028        0xc c:/program files/microchip/xc32/v4.60/bin/bin/../../lib/gcc/pic32c/8.3.1/../../../../pic32c/lib/thumb/v6-m/nofp\libc-musl.a(__io_file_needed.o)
                0x0000000000000028                __io_file_needed

.stack          0x00000000200003a8      0x100
 .stack         0x00000000200003a8      0x100 stack

.bss.eicCallbackObject%1
                0x0000000020000000       0xc0
 .bss.eicCallbackObject
                0x0000000020000000       0xc0 build/default/production/_ext/60167341/plib_eic.o

.bss%2          0x00000000200000c0       0x50
 .bss           0x00000000200000c0       0x50 c:/program files/microchip/xc32/v4.60/bin/bin/../../lib/gcc/pic32c/8.3.1/../../../../pic32c/lib/thumb/v6-m/nofp\libc-musl.a(libc.o)
                0x00000000200000c0                __progname_full
                0x00000000200000c0                program_invocation_name
                0x00000000200000c4                program_invocation_short_name
                0x00000000200000c4                __progname
                0x00000000200000c8                __sysinfo
                0x00000000200000cc                __hwcap
                0x00000000200000d0                __libc

.bss%3          0x0000000020000110       0x1c
 .bss           0x0000000020000110       0x1c c:/program files/microchip/xc32/v4.60/bin/bin/../../lib/gcc/pic32c/8.3.1/thumb/v6-m/nofp/crtbegin.o

.bss.acObj%4    0x000000002000012c        0xc
 .bss.acObj     0x000000002000012c        0xc build/default/production/_ext/829343244/plib_ac.o

.bss.TC0_CallbackObject%5
                0x0000000020000138        0x8
 .bss.TC0_CallbackObject
                0x0000000020000138        0x8 build/default/production/_ext/829342655/plib_tc0.o

.bss.TCC0_CallbackObj%6
                0x0000000020000140        0x8
 .bss.TCC0_CallbackObj
                0x0000000020000140        0x8 build/default/production/_ext/60181570/plib_tcc0.o

.bss%7          0x0000000020000148        0x8
 .bss           0x0000000020000148        0x8 c:/program files/microchip/xc32/v4.60/bin/bin/../../lib/gcc/pic32c/8.3.1/../../../../pic32c/lib/thumb/v6-m/nofp\libc-musl.a(stdout.o)
                0x000000002000014c                __stdout_used

.bss.ADC_volt%8
                0x0000000020000150        0x4
 .bss.ADC_volt  0x0000000020000150        0x4 build/default/production/_ext/1687094165/ApplicationControl.o
                0x0000000020000150                ADC_volt

.bss%9          0x0000000020000154        0x4
 .bss           0x0000000020000154        0x4 c:/program files/microchip/xc32/v4.60/bin/bin/../../lib/gcc/pic32c/8.3.1/../../../../pic32c/lib/thumb/v6-m/nofp\libpic32c.a(data_init.o)

.bss%10         0x0000000020000158        0x4
 .bss           0x0000000020000158        0x4 c:/program files/microchip/xc32/v4.60/bin/bin/../../lib/gcc/pic32c/8.3.1/../../../../pic32c/lib/thumb/v6-m/nofp\libc-musl.a(__environ.o)
                0x0000000020000158                __environ
                0x0000000020000158                environ
                0x0000000020000158                ___environ
                0x0000000020000158                _environ

.bss.ADC_count%11
                0x000000002000015c        0x2
 .bss.ADC_count
                0x000000002000015c        0x2 build/default/production/_ext/1687094165/ApplicationControl.o
                0x000000002000015c                ADC_count

.bss.Gbl_500Ms%12
                0x000000002000015e        0x2
 .bss.Gbl_500Ms
                0x000000002000015e        0x2 build/default/production/_ext/1687094165/ApplicationControl.o
                0x000000002000015e                Gbl_500Ms

.bss.Gbl_counter_1MS%13
                0x0000000020000160        0x2
 .bss.Gbl_counter_1MS
                0x0000000020000160        0x2 build/default/production/_ext/1687094165/ApplicationControl.o
                0x0000000020000160                Gbl_counter_1MS

.bss.Gbl_counter_500Ms%14
                0x0000000020000162        0x2
 .bss.Gbl_counter_500Ms
                0x0000000020000162        0x2 build/default/production/_ext/1687094165/ApplicationControl.o
                0x0000000020000162                Gbl_counter_500Ms

.bss.gbl500Ms%15
                0x0000000020000164        0x2
 .bss.gbl500Ms  0x0000000020000164        0x2 build/default/production/_ext/1947565061/Hdl_DAC.o
                0x0000000020000164                gbl500Ms

.bss.val%16     0x0000000020000166        0x2
 .bss.val       0x0000000020000166        0x2 build/default/production/_ext/1947565061/Hdl_DAC.o
                0x0000000020000166                val

.bss.Gbl_PA28_debaunce%17
                0x0000000020000168        0x2
 .bss.Gbl_PA28_debaunce
                0x0000000020000168        0x2 build/default/production/_ext/1947565061/Hdl_timer.o
                0x0000000020000168                Gbl_PA28_debaunce

.data%18        0x000000002000016c       0x20
 .data          0x000000002000016c       0x20 c:/program files/microchip/xc32/v4.60/bin/bin/../../lib/gcc/pic32c/8.3.1/../../../../pic32c/lib/thumb/v6-m/nofp\libc-musl.a(stdout.o)
                0x0000000020000188                _stdout

.eh_frame%z1    0x0000000000000000        0x0
 .eh_frame      0x0000000000000000        0x0 c:/program files/microchip/xc32/v4.60/bin/bin/../../lib/gcc/pic32c/8.3.1/thumb/v6-m/nofp/crtbegin.o

.config_00804000.__config_00804000%19
                0x0000000000804000        0x4
 .config_00804000.__config_00804000
                0x0000000000804000        0x4 build/default/production/_ext/1171490990/initialization.o
                0x0000000000804000                __config_00804000

.config_00804004.__config_00804004%20
                0x0000000000804004        0x4
 .config_00804004.__config_00804004
                0x0000000000804004        0x4 build/default/production/_ext/1171490990/initialization.o
                0x0000000000804004                __config_00804004

.text.__aeabi_dmul_aux%21
                0x00000000000000dc      0x18a
 .text.__aeabi_dmul_aux
                0x00000000000000dc      0x18a c:/program files/microchip/xc32/v4.60/bin/bin/../../lib/gcc/pic32c/8.3.1/../../../../pic32c/lib/thumb/v6-m/nofp\libm-fast-emfloat.a(__aeabi_dmul_aux.o)
                0x00000000000000dc                __aeabi_dmul_aux
                0x0000000000000114                __aeabi_dmul

.text.CLOCK_Initialize%22
                0x0000000000000268      0x104
 .text.CLOCK_Initialize
                0x0000000000000268      0x104 build/default/production/_ext/1984496892/plib_clock.o
                0x0000000000000268                CLOCK_Initialize

.dinit%23       0x000000000000036c       0xb0
 .dinit         0x000000000000036c       0xb0 data_init

.text%24        0x000000000000041c       0x8c
 .text          0x000000000000041c       0x8c c:/program files/microchip/xc32/v4.60/bin/bin/../../lib/gcc/pic32c/8.3.1/thumb/v6-m/nofp\libgcc.a(_udivsi3.o)
                0x000000000000041c                __aeabi_uidiv
                0x000000000000041c                __udivsi3
                0x0000000000000494                __aeabi_uidivmod

.text.EIC_Initialize%25
                0x00000000000004a8       0x7c
 .text.EIC_Initialize
                0x00000000000004a8       0x7c build/default/production/_ext/60167341/plib_eic.o
                0x00000000000004a8                EIC_Initialize

.text.ApplicationControl%26
                0x0000000000000524       0x7c
 .text.ApplicationControl
                0x0000000000000524       0x7c build/default/production/_ext/1687094165/ApplicationControl.o
                0x0000000000000524                ApplicationControl

.text.PORT_Initialize%27
                0x00000000000005a0       0x72
 .text.PORT_Initialize
                0x00000000000005a0       0x72 build/default/production/_ext/1865521619/plib_port.o
                0x00000000000005a0                PORT_Initialize

.text.NVIC_Initialize%28
                0x0000000000000614       0x6c
 .text.NVIC_Initialize
                0x0000000000000614       0x6c build/default/production/_ext/1865468468/plib_nvic.o
                0x0000000000000614                NVIC_Initialize

.text.__aeabi_d2f%29
                0x0000000000000680       0x62
 .text.__aeabi_d2f
                0x0000000000000680       0x62 c:/program files/microchip/xc32/v4.60/bin/bin/../../lib/gcc/pic32c/8.3.1/../../../../pic32c/lib/thumb/v6-m/nofp\libm-fast-emfloat.a(__aeabi_d2f.o)
                0x0000000000000680                __aeabi_d2f

.text.EIC_InterruptHandler%30
                0x00000000000006e4       0x60
 .text.EIC_InterruptHandler
                0x00000000000006e4       0x60 build/default/production/_ext/60167341/plib_eic.o
                0x00000000000006e4                EIC_InterruptHandler

.text.__libc_start_init%31
                0x0000000000000744       0x5c
 .text.__libc_start_init
                0x0000000000000744       0x5c c:/program files/microchip/xc32/v4.60/bin/bin/../../lib/gcc/pic32c/8.3.1/../../../../pic32c/lib/thumb/v6-m/nofp\libc-musl.a(__libc_start_main.o)
                0x0000000000000744                __libc_init_array

.text.TC0_1MS_Callback%32
                0x00000000000007a0       0x58
 .text.TC0_1MS_Callback
                0x00000000000007a0       0x58 build/default/production/_ext/1947565061/Hdl_timer.o
                0x00000000000007a0                TC0_1MS_Callback

.text.TCC0_PWMInitialize%33
                0x00000000000007f8       0x54
 .text.TCC0_PWMInitialize
                0x00000000000007f8       0x54 build/default/production/_ext/60181570/plib_tcc0.o
                0x00000000000007f8                TCC0_PWMInitialize

.text.ADC0_Initialize%34
                0x000000000000084c       0x50
 .text.ADC0_Initialize
                0x000000000000084c       0x50 build/default/production/_ext/60163342/plib_adc0.o
                0x000000000000084c                ADC0_Initialize

.text%35        0x000000000000089c       0x48
 .text          0x000000000000089c       0x48 c:/program files/microchip/xc32/v4.60/bin/bin/../../lib/gcc/pic32c/8.3.1/thumb/v6-m/nofp/crtbegin.o

.text.Reset_Handler%36
                0x00000000000008e4       0x48
 .text.Reset_Handler
                0x00000000000008e4       0x48 build/default/production/_ext/1171490990/startup_xc32.o
                0x00000000000008e4                Reset_Handler

.text.SERCOM4_USART_Write%37
                0x000000000000092c       0x44
 .text.SERCOM4_USART_Write
                0x000000000000092c       0x44 build/default/production/_ext/504274921/plib_sercom4_usart.o
                0x000000000000092c                SERCOM4_USART_Write

.text.TC0_TimerInitialize%38
                0x0000000000000970       0x40
 .text.TC0_TimerInitialize
                0x0000000000000970       0x40 build/default/production/_ext/829342655/plib_tc0.o
                0x0000000000000970                TC0_TimerInitialize

.text.SYS_Initialize%39
                0x00000000000009b0       0x40
 .text.SYS_Initialize
                0x00000000000009b0       0x40 build/default/production/_ext/1171490990/initialization.o
                0x00000000000009b0                SYS_Initialize

.text.Hdl_DAC_inc_by50%40
                0x00000000000009f0       0x3c
 .text.Hdl_DAC_inc_by50
                0x00000000000009f0       0x3c build/default/production/_ext/1947565061/Hdl_DAC.o
                0x00000000000009f0                Hdl_DAC_inc_by50

.text.AC_Initialize%41
                0x0000000000000a2c       0x38
 .text.AC_Initialize
                0x0000000000000a2c       0x38 build/default/production/_ext/829343244/plib_ac.o
                0x0000000000000a2c                AC_Initialize

.text.SERCOM4_USART_Initialize%42
                0x0000000000000a64       0x38
 .text.SERCOM4_USART_Initialize
                0x0000000000000a64       0x38 build/default/production/_ext/504274921/plib_sercom4_usart.o
                0x0000000000000a64                SERCOM4_USART_Initialize

.text.__pic32c_data_initialization%43
                0x0000000000000a9c       0x38
 .text.__pic32c_data_initialization
                0x0000000000000a9c       0x38 c:/program files/microchip/xc32/v4.60/bin/bin/../../lib/gcc/pic32c/8.3.1/../../../../pic32c/lib/thumb/v6-m/nofp\libpic32c.a(data_init.o)
                0x0000000000000a9c                __pic32c_data_initialization

.text.__putc_unbuffered%44
                0x0000000000000ad4       0x36
 .text.__putc_unbuffered
                0x0000000000000ad4       0x36 c:/program files/microchip/xc32/v4.60/bin/bin/../../lib/gcc/pic32c/8.3.1/../../../../pic32c/lib/thumb/v6-m/nofp\libc-musl.a(putc.o)
                0x0000000000000ad4                __putc_unbuffered
                0x0000000000000ad4                __putc

.text.TC0_TimerInterruptHandler%45
                0x0000000000000b0c       0x34
 .text.TC0_TimerInterruptHandler
                0x0000000000000b0c       0x34 build/default/production/_ext/829342655/plib_tc0.o
                0x0000000000000b0c                TC0_TimerInterruptHandler

.text.fwrite%46
                0x0000000000000b40       0x2e
 .text.fwrite   0x0000000000000b40       0x2e c:/program files/microchip/xc32/v4.60/bin/bin/../../lib/gcc/pic32c/8.3.1/../../../../pic32c/lib/thumb/v6-m/nofp\libc-musl.a(fwrite.o)
                0x0000000000000b40                fwrite
                0x0000000000000b40                fwrite_unlocked

.text.AC_InterruptHandler%47
                0x0000000000000b70       0x2c
 .text.AC_InterruptHandler
                0x0000000000000b70       0x2c build/default/production/_ext/829343244/plib_ac.o
                0x0000000000000b70                AC_InterruptHandler

.text.TCC0_InterruptHandler%48
                0x0000000000000b9c       0x28
 .text.TCC0_InterruptHandler
                0x0000000000000b9c       0x28 build/default/production/_ext/60181570/plib_tcc0.o
                0x0000000000000b9c                TCC0_InterruptHandler

.text.puts%49   0x0000000000000bc4       0x28
 .text.puts     0x0000000000000bc4       0x28 c:/program files/microchip/xc32/v4.60/bin/bin/../../lib/gcc/pic32c/8.3.1/../../../../pic32c/lib/thumb/v6-m/nofp\libc-musl.a(puts.o)
                0x0000000000000bc4                puts

.text.fputs%50  0x0000000000000bec       0x22
 .text.fputs    0x0000000000000bec       0x22 c:/program files/microchip/xc32/v4.60/bin/bin/../../lib/gcc/pic32c/8.3.1/../../../../pic32c/lib/thumb/v6-m/nofp\libc-musl.a(fputs.o)
                0x0000000000000bec                fputs
                0x0000000000000bec                fputs_unlocked

.text.__dinit_copy%51
                0x0000000000000c0e       0x1e
 .text.__dinit_copy
                0x0000000000000c0e       0x1e c:/program files/microchip/xc32/v4.60/bin/bin/../../lib/gcc/pic32c/8.3.1/../../../../pic32c/lib/thumb/v6-m/nofp\libpic32c.a(pic32_data_init_copy.o)
                0x0000000000000c0e                __dinit_copy_needed
                0x0000000000000c0e                __dinit_copy

.text.ADC0_Enable%52
                0x0000000000000c2c       0x1c
 .text.ADC0_Enable
                0x0000000000000c2c       0x1c build/default/production/_ext/60163342/plib_adc0.o
                0x0000000000000c2c                ADC0_Enable

.text.ADC0_ConversionStart%53
                0x0000000000000c48       0x1c
 .text.ADC0_ConversionStart
                0x0000000000000c48       0x1c build/default/production/_ext/60163342/plib_adc0.o
                0x0000000000000c48                ADC0_ConversionStart

.text.DAC_Initialize%54
                0x0000000000000c64       0x1c
 .text.DAC_Initialize
                0x0000000000000c64       0x1c build/default/production/_ext/60166132/plib_dac.o
                0x0000000000000c64                DAC_Initialize

.text.TC0_TimerStart%55
                0x0000000000000c80       0x1c
 .text.TC0_TimerStart
                0x0000000000000c80       0x1c build/default/production/_ext/829342655/plib_tc0.o
                0x0000000000000c80                TC0_TimerStart

.text.write%56  0x0000000000000c9c       0x1c
 .text.write    0x0000000000000c9c       0x1c build/default/production/_ext/163028504/xc32_monitor.o
                0x0000000000000c9c                write

.text.Hdl_ADC0_PA3_result%57
                0x0000000000000cb8       0x1c
 .text.Hdl_ADC0_PA3_result
                0x0000000000000cb8       0x1c build/default/production/_ext/1947565061/Hdl_ADC.o
                0x0000000000000cb8                Hdl_ADC0_PA3_result

.text.__aeabi_i2d%58
                0x0000000000000cd4       0x1c
 .text.__aeabi_i2d
                0x0000000000000cd4       0x1c c:/program files/microchip/xc32/v4.60/bin/bin/../../lib/gcc/pic32c/8.3.1/../../../../pic32c/lib/thumb/v6-m/nofp\libm-fast-emfloat.a(__aeabi_i2d.o)
                0x0000000000000cd4                __aeabi_i2d

.text.__aeabi_ui2d%59
                0x0000000000000cf0       0x1c
 .text.__aeabi_ui2d
                0x0000000000000cf0       0x1c c:/program files/microchip/xc32/v4.60/bin/bin/../../lib/gcc/pic32c/8.3.1/../../../../pic32c/lib/thumb/v6-m/nofp\libm-fast-emfloat.a(__aeabi_ui2d.o)
                0x0000000000000cf0                __aeabi_ui2d

.text.ADC0_ConversionStatusGet%60
                0x0000000000000d0c       0x18
 .text.ADC0_ConversionStatusGet
                0x0000000000000d0c       0x18 build/default/production/_ext/60163342/plib_adc0.o
                0x0000000000000d0c                ADC0_ConversionStatusGet

.text.DAC_DataWrite%61
                0x0000000000000d24       0x18
 .text.DAC_DataWrite
                0x0000000000000d24       0x18 build/default/production/_ext/60166132/plib_dac.o
                0x0000000000000d24                DAC_DataWrite

.rodata.Hdl_AC.str1.4%62
                0x0000000000000d3c       0x18
 .rodata.Hdl_AC.str1.4
                0x0000000000000d3c       0x18 build/default/production/_ext/1947565061/Hdl_AC.o

.text.strlen%63
                0x0000000000000d54       0x18
 .text.strlen   0x0000000000000d54       0x18 c:/program files/microchip/xc32/v4.60/bin/bin/../../lib/gcc/pic32c/8.3.1/../../../../pic32c/lib/thumb/v6-m/nofp\libc-size-musl.a(strlen.o)
                0x0000000000000d54                strlen

.text.AC_Start%64
                0x0000000000000d6c       0x14
 .text.AC_Start
                0x0000000000000d6c       0x14 build/default/production/_ext/829343244/plib_ac.o
                0x0000000000000d6c                AC_Start

.rodata%65      0x0000000000000d80       0x14
 .rodata        0x0000000000000d80       0x14 c:/program files/microchip/xc32/v4.60/bin/bin/../../lib/gcc/pic32c/8.3.1/../../../../pic32c/lib/thumb/v6-m/nofp\libpic32c.a(data_init.o)

.text.__init_stdout%66
                0x0000000000000d94       0x14
 .text.__init_stdout
                0x0000000000000d94       0x14 c:/program files/microchip/xc32/v4.60/bin/bin/../../lib/gcc/pic32c/8.3.1/../../../../pic32c/lib/thumb/v6-m/nofp\libc-musl.a(stdout.o)
                0x0000000000000d94                __init_stdout

.text.__dinit_clear%67
                0x0000000000000da8       0x12
 .text.__dinit_clear
                0x0000000000000da8       0x12 c:/program files/microchip/xc32/v4.60/bin/bin/../../lib/gcc/pic32c/8.3.1/../../../../pic32c/lib/thumb/v6-m/nofp\libpic32c.a(pic32_data_init_clear.o)
                0x0000000000000da8                __dinit_clear
                0x0000000000000da8                __dinit_clear_needed

.text.Hdl_AC%68
                0x0000000000000dbc       0x10
 .text.Hdl_AC   0x0000000000000dbc       0x10 build/default/production/_ext/1947565061/Hdl_AC.o
                0x0000000000000dbc                Hdl_AC

.text.Hdl_registorCallback_AC%69
                0x0000000000000dcc       0x10
 .text.Hdl_registorCallback_AC
                0x0000000000000dcc       0x10 build/default/production/_ext/1947565061/Hdl_AC.o
                0x0000000000000dcc                Hdl_registorCallback_AC

.text.Hdl_timer0%70
                0x0000000000000ddc       0x10
 .text.Hdl_timer0
                0x0000000000000ddc       0x10 build/default/production/_ext/1947565061/Hdl_timer.o
                0x0000000000000ddc                Hdl_timer0

.text.__init_stdio%71
                0x0000000000000dec       0x10
 .text.__init_stdio
                0x0000000000000dec       0x10 c:/program files/microchip/xc32/v4.60/bin/bin/../../lib/gcc/pic32c/8.3.1/../../../../pic32c/lib/thumb/v6-m/nofp\libc-musl.a(__init_stdio.o)
                0x0000000000000dec                __init_stdio_needed
                0x0000000000000dec                __init_stdio

.text.main%72   0x0000000000000dfc        0xe
 .text.main     0x0000000000000dfc        0xe build/default/production/_ext/1360937237/main.o
                0x0000000000000dfc                main

.text.AC_CallbackRegister%73
                0x0000000000000e0c        0xc
 .text.AC_CallbackRegister
                0x0000000000000e0c        0xc build/default/production/_ext/829343244/plib_ac.o
                0x0000000000000e0c                AC_CallbackRegister

.text.ADC0_ConversionResultGet%74
                0x0000000000000e18        0xc
 .text.ADC0_ConversionResultGet
                0x0000000000000e18        0xc build/default/production/_ext/60163342/plib_adc0.o
                0x0000000000000e18                ADC0_ConversionResultGet

.text.NVMCTRL_Initialize%75
                0x0000000000000e24        0xc
 .text.NVMCTRL_Initialize
                0x0000000000000e24        0xc build/default/production/_ext/1593096446/plib_nvmctrl.o
                0x0000000000000e24                NVMCTRL_Initialize

.text.TC0_TimerCallbackRegister%76
                0x0000000000000e30        0xc
 .text.TC0_TimerCallbackRegister
                0x0000000000000e30        0xc build/default/production/_ext/829342655/plib_tc0.o
                0x0000000000000e30                TC0_TimerCallbackRegister

.text.Hdl_Toggle_GPIO_PA15%77
                0x0000000000000e3c        0xc
 .text.Hdl_Toggle_GPIO_PA15
                0x0000000000000e3c        0xc build/default/production/_ext/1947565061/Hdl_GPIO.o
                0x0000000000000e3c                Hdl_Toggle_GPIO_PA15

.text.Hdl_Enable_AC%78
                0x0000000000000e48        0xa
 .text.Hdl_Enable_AC
                0x0000000000000e48        0xa build/default/production/_ext/1947565061/Hdl_AC.o
                0x0000000000000e48                Hdl_Enable_AC

.text.__fwrite_min%79
                0x0000000000000e52        0xa
 .text.__fwrite_min
                0x0000000000000e52        0xa c:/program files/microchip/xc32/v4.60/bin/bin/../../lib/gcc/pic32c/8.3.1/../../../../pic32c/lib/thumb/v6-m/nofp\libc-musl.a(fwrite.o)
                0x0000000000000e52                __fwrite

.text.Hdl_Enable_ADC0_PA03%80
                0x0000000000000e5c        0x8
 .text.Hdl_Enable_ADC0_PA03
                0x0000000000000e5c        0x8 build/default/production/_ext/1947565061/Hdl_ADC.o
                0x0000000000000e5c                Hdl_Enable_ADC0_PA03

.text.Hdl_Enable_Timer0%81
                0x0000000000000e64        0x8
 .text.Hdl_Enable_Timer0
                0x0000000000000e64        0x8 build/default/production/_ext/1947565061/Hdl_timer.o
                0x0000000000000e64                Hdl_Enable_Timer0

.text.__dummy%82
                0x0000000000000e6c        0x8
 .text.__dummy  0x0000000000000e6c        0x8 c:/program files/microchip/xc32/v4.60/bin/bin/../../lib/gcc/pic32c/8.3.1/../../../../pic32c/lib/thumb/v6-m/nofp\libc-musl.a(stdout.o)
                0x0000000000000e6c                __get_stdout

.text.putc%83   0x0000000000000e74        0x8
 .text.putc     0x0000000000000e74        0x8 c:/program files/microchip/xc32/v4.60/bin/bin/../../lib/gcc/pic32c/8.3.1/../../../../pic32c/lib/thumb/v6-m/nofp\libc-musl.a(putc.o)
                0x0000000000000e74                putc
                0x0000000000000e74                fputc
                0x0000000000000e74                _IO_putc
                0x0000000000000e74                putc_unlocked

.text.__dummy_decompress%84
                0x0000000000000e7c        0x4
 .text.__dummy_decompress
                0x0000000000000e7c        0x4 c:/program files/microchip/xc32/v4.60/bin/bin/../../lib/gcc/pic32c/8.3.1/../../../../pic32c/lib/thumb/v6-m/nofp\libpic32c.a(data_init.o)
                0x0000000000000e7c                __dinit_decompress
                0x0000000000000e7c                __dinit_copy_val_data
                0x0000000000000e7c                __dinit_copy_emb

.text%85        0x0000000000000e80        0x4
 .text          0x0000000000000e80        0x4 c:/program files/microchip/xc32/v4.60/bin/bin/../../lib/gcc/pic32c/8.3.1/thumb/v6-m/nofp\libgcc.a(_dvmd_tls.o)
                0x0000000000000e80                __aeabi_idiv0
                0x0000000000000e80                __aeabi_ldiv0

.text.EVSYS_Initialize%86
                0x0000000000000266        0x2
 .text.EVSYS_Initialize
                0x0000000000000266        0x2 build/default/production/_ext/1986646378/plib_evsys.o
                0x0000000000000266                EVSYS_Initialize

.text.Dummy_Handler%87
                0x0000000000000612        0x2
 .text.Dummy_Handler
                0x0000000000000612        0x2 build/default/production/_ext/1171490990/interrupts.o
                0x0000000000000612                SVCall_Handler
                0x0000000000000612                DMAC_Handler
                0x0000000000000612                TC2_Handler
                0x0000000000000612                SysTick_Handler
                0x0000000000000612                PendSV_Handler
                0x0000000000000612                SERCOM1_Handler
                0x0000000000000612                TCC1_Handler
                0x0000000000000612                SERCOM2_Handler
                0x0000000000000612                RTC_Handler
                0x0000000000000612                ADC1_Handler
                0x0000000000000612                WDT_Handler
                0x0000000000000612                CAN0_Handler
                0x0000000000000612                TC4_Handler
                0x0000000000000612                TC1_Handler
                0x0000000000000612                TC3_Handler
                0x0000000000000612                SDADC_Handler
                0x0000000000000612                Dummy_Handler
                0x0000000000000612                SERCOM5_Handler
                0x0000000000000612                CAN1_Handler
                0x0000000000000612                ADC0_Handler
                0x0000000000000612                TSENS_Handler
                0x0000000000000612                TCC2_Handler
                0x0000000000000612                EVSYS_Handler
                0x0000000000000612                SERCOM3_Handler
                0x0000000000000612                SERCOM4_Handler
                0x0000000000000612                NVMCTRL_Handler
                0x0000000000000612                SYSTEM_Handler
                0x0000000000000612                SERCOM0_Handler
                0x0000000000000612                DAC_Handler
                0x0000000000000612                PTC_Handler
                0x0000000000000612                FREQM_Handler

.text.Dummy_App_Func%88
                0x00000000000006e2        0x2
 .text.Dummy_App_Func
                0x00000000000006e2        0x2 build/default/production/_ext/1171490990/startup_xc32.o
                0x00000000000006e2                _on_reset
                0x00000000000006e2                _on_bootstrap
                0x00000000000006e2                __xc32_on_reset
                0x00000000000006e2                Dummy_App_Func
                0x00000000000006e2                __xc32_on_bootstrap

.text.NonMaskableInt_Handler%89
                0x0000000000000b0a        0x2
 .text.NonMaskableInt_Handler
                0x0000000000000b0a        0x2 build/default/production/_ext/1171490990/exceptions.o
                0x0000000000000b0a                NonMaskableInt_Handler

.text.HardFault_Handler%90
                0x0000000000000b6e        0x2
 .text.HardFault_Handler
                0x0000000000000b6e        0x2 build/default/production/_ext/1171490990/exceptions.o
                0x0000000000000b6e                HardFault_Handler

.text.__dummy_init_tls%91
                0x0000000000000dba        0x2
 .text.__dummy_init_tls
                0x0000000000000dba        0x2 c:/program files/microchip/xc32/v4.60/bin/bin/../../lib/gcc/pic32c/8.3.1/../../../../pic32c/lib/thumb/v6-m/nofp\libpic32c.a(data_init.o)
                0x0000000000000dba                xc32_init_tls

.text.__dummy%92
                0x0000000000000e0a        0x2
 .text.__dummy  0x0000000000000e0a        0x2 c:/program files/microchip/xc32/v4.60/bin/bin/../../lib/gcc/pic32c/8.3.1/../../../../pic32c/lib/thumb/v6-m/nofp\libc-musl.a(__libc_start_main.o)
                0x0000000000000e0a                __init_host

.text.__dummy%93
                0x0000000000000e84        0x2
 .text.__dummy  0x0000000000000e84        0x2 c:/program files/microchip/xc32/v4.60/bin/bin/../../lib/gcc/pic32c/8.3.1/../../../../pic32c/lib/thumb/v6-m/nofp\libc-musl.a(__init_stdio.o)
                0x0000000000000e84                __init_stdin
                0x0000000000000e84                __init_stderr
