23:26:06 **** Incremental Build of configuration Debug for project CAN_Normal_Mode ****
make -j8 all 
arm-none-eabi-gcc "../Core/Src/main.c" -mcpu=cortex-m3 -std=gnu11 -g3 -DDEBUG -DUSE_HAL_DRIVER -DSTM32F103x6 -c -I../Core/Inc -I../Drivers/STM32F1xx_HAL_Driver/Inc/Legacy -I../Drivers/STM32F1xx_HAL_Driver/Inc -I../Drivers/CMSIS/Device/ST/STM32F1xx/Include -I../Drivers/CMSIS/Include -O0 -ffunction-sections -fdata-sections -Wall -fstack-usage -fcyclomatic-complexity -MMD -MP -MF"Core/Src/main.d" -MT"Core/Src/main.o" --specs=nano.specs -mfloat-abi=soft -mthumb -o "Core/Src/main.o"
../Core/Src/main.c: In function 'HAL_CAN_RxFifo1MsgPendingCallback':
../Core/Src/main.c:75:43: warning: passing argument 2 of 'HAL_CAN_AddTxMessage' from incompatible pointer type [-Wincompatible-pointer-types]
   75 |                 HAL_CAN_AddTxMessage(hcan,&RxHeader, RxData, &TxMailBox);
      |                                           ^~~~~~~~~
      |                                           |
      |                                           CAN_RxHeaderTypeDef *
In file included from ../Core/Inc/stm32f1xx_hal_conf.h:258,
                 from ../Drivers/STM32F1xx_HAL_Driver/Inc/stm32f1xx_hal.h:29,
                 from ../Core/Inc/main.h:30,
                 from ../Core/Src/main.c:20:
../Drivers/STM32F1xx_HAL_Driver/Inc/stm32f1xx_hal_can.h:688:92: note: expected 'const CAN_TxHeaderTypeDef *' but argument is of type 'CAN_RxHeaderTypeDef *'
  688 | HAL_StatusTypeDef HAL_CAN_AddTxMessage(CAN_HandleTypeDef *hcan, const CAN_TxHeaderTypeDef *pHeader,
      |                                                                 ~~~~~~~~~~~~~~~~~~~~~~~~~~~^~~~~~~
../Core/Src/main.c:78:51: warning: passing argument 2 of 'HAL_CAN_AddTxMessage' from incompatible pointer type [-Wincompatible-pointer-types]
   78 |                         HAL_CAN_AddTxMessage(hcan,&RxHeader, RxData, &TxMailBox);
      |                                                   ^~~~~~~~~
      |                                                   |
      |                                                   CAN_RxHeaderTypeDef *
../Drivers/STM32F1xx_HAL_Driver/Inc/stm32f1xx_hal_can.h:688:92: note: expected 'const CAN_TxHeaderTypeDef *' but argument is of type 'CAN_RxHeaderTypeDef *'
  688 | HAL_StatusTypeDef HAL_CAN_AddTxMessage(CAN_HandleTypeDef *hcan, const CAN_TxHeaderTypeDef *pHeader,
      |                                                                 ~~~~~~~~~~~~~~~~~~~~~~~~~~~^~~~~~~
arm-none-eabi-gcc -o "CAN_Normal_Mode.elf" @"objects.list"   -mcpu=cortex-m3 -T"C:\Users\sopan\STM32CubeIDE\workspace_1.19.0\CAN_Normal_Mode\STM32F103C6TX_FLASH.ld" --specs=nosys.specs -Wl,-Map="CAN_Normal_Mode.map" -Wl,--gc-sections -static --specs=nano.specs -mfloat-abi=soft -mthumb -Wl,--start-group -lc -lm -Wl,--end-group
Finished building target: CAN_Normal_Mode.elf
 
arm-none-eabi-size  CAN_Normal_Mode.elf 
arm-none-eabi-objdump -h -S CAN_Normal_Mode.elf  > "CAN_Normal_Mode.list"
   text	   data	    bss	    dec	    hex	filename
   8564	     12	   1684	  10260	   2814	CAN_Normal_Mode.elf
Finished building: default.size.stdout
 
Finished building: CAN_Normal_Mode.list
 

23:26:07 Build Finished. 0 errors, 2 warnings. (took 1s.111ms)

