22:09:08 **** Incremental Build of configuration Debug for project CAN_Normal_Mode ****
make -j8 all 
arm-none-eabi-gcc "../Core/Src/main.c" -mcpu=cortex-m3 -std=gnu11 -g3 -DDEBUG -DUSE_HAL_DRIVER -DSTM32F103x6 -c -I../Core/Inc -I../Drivers/STM32F1xx_HAL_Driver/Inc/Legacy -I../Drivers/STM32F1xx_HAL_Driver/Inc -I../Drivers/CMSIS/Device/ST/STM32F1xx/Include -I../Drivers/CMSIS/Include -O0 -ffunction-sections -fdata-sections -Wall -fstack-usage -fcyclomatic-complexity -MMD -MP -MF"Core/Src/main.d" -MT"Core/Src/main.o" --specs=nano.specs -mfloat-abi=soft -mthumb -o "Core/Src/main.o"
arm-none-eabi-gcc -o "CAN_Normal_Mode.elf" @"objects.list"   -mcpu=cortex-m3 -T"C:\Users\sopan\STM32CubeIDE\workspace_1.19.0\CAN_Normal_Mode\STM32F103C6TX_FLASH.ld" --specs=nosys.specs -Wl,-Map="CAN_Normal_Mode.map" -Wl,--gc-sections -static --specs=nano.specs -mfloat-abi=soft -mthumb -Wl,--start-group -lc -lm -Wl,--end-group
Finished building target: CAN_Normal_Mode.elf
 
arm-none-eabi-size  CAN_Normal_Mode.elf 
arm-none-eabi-objdump -h -S CAN_Normal_Mode.elf  > "CAN_Normal_Mode.list"
   text	   data	    bss	    dec	    hex	filename
   8496	     16	   1680	  10192	   27d0	CAN_Normal_Mode.elf
Finished building: default.size.stdout
 
Finished building: CAN_Normal_Mode.list
 

22:09:09 Build Finished. 0 errors, 0 warnings. (took 836ms)

