23:23:09 **** Incremental Build of configuration Debug for project STM32F103C6T6A_CAN_1.3 ****
make -j8 all 
arm-none-eabi-gcc "../Core/Src/ApplicationControl.c" -mcpu=cortex-m3 -std=gnu11 -g3 -DDEBUG -DUSE_HAL_DRIVER -DSTM32F103x6 -c -I../Core/Inc -I../Drivers/STM32F1xx_HAL_Driver/Inc/Legacy -I../Drivers/STM32F1xx_HAL_Driver/Inc -I../Drivers/CMSIS/Device/ST/STM32F1xx/Include -I../Drivers/CMSIS/Include -O0 -ffunction-sections -fdata-sections -Wall -fstack-usage -fcyclomatic-complexity -MMD -MP -MF"Core/Src/ApplicationControl.d" -MT"Core/Src/ApplicationControl.o" --specs=nano.specs -mfloat-abi=soft -mthumb -o "Core/Src/ApplicationControl.o"
arm-none-eabi-gcc "../Core/Src/Hdl_GPIO.c" -mcpu=cortex-m3 -std=gnu11 -g3 -DDEBUG -DUSE_HAL_DRIVER -DSTM32F103x6 -c -I../Core/Inc -I../Drivers/STM32F1xx_HAL_Driver/Inc/Legacy -I../Drivers/STM32F1xx_HAL_Driver/Inc -I../Drivers/CMSIS/Device/ST/STM32F1xx/Include -I../Drivers/CMSIS/Include -O0 -ffunction-sections -fdata-sections -Wall -fstack-usage -fcyclomatic-complexity -MMD -MP -MF"Core/Src/Hdl_GPIO.d" -MT"Core/Src/Hdl_GPIO.o" --specs=nano.specs -mfloat-abi=soft -mthumb -o "Core/Src/Hdl_GPIO.o"
arm-none-eabi-gcc -o "STM32F103C6T6A_CAN_1.3.elf" @"objects.list"   -mcpu=cortex-m3 -T"C:\Users\sopan\STM32CubeIDE\workspace_1.19.0\STM32F103C6T6A_CAN_1.3\STM32F103C6TX_FLASH.ld" --specs=nosys.specs -Wl,-Map="STM32F103C6T6A_CAN_1.3.map" -Wl,--gc-sections -static --specs=nano.specs -mfloat-abi=soft -mthumb -Wl,--start-group -lc -lm -Wl,--end-group
Finished building target: STM32F103C6T6A_CAN_1.3.elf
 
arm-none-eabi-size  STM32F103C6T6A_CAN_1.3.elf 
arm-none-eabi-objdump -h -S STM32F103C6T6A_CAN_1.3.elf  > "STM32F103C6T6A_CAN_1.3.list"
   text	   data	    bss	    dec	    hex	filename
  20612	     20	   2824	  23456	   5ba0	STM32F103C6T6A_CAN_1.3.elf
Finished building: default.size.stdout
 
Finished building: STM32F103C6T6A_CAN_1.3.list
 
23:34:27 **** Incremental Build of configuration Debug for project STM32F103C6T6A_CAN_1.3 ****
make -j8 all 
arm-none-eabi-gcc "../Core/Src/ApplicationControl.c" -mcpu=cortex-m3 -std=gnu11 -g3 -DDEBUG -DUSE_HAL_DRIVER -DSTM32F103x6 -c -I../Core/Inc -I../Drivers/STM32F1xx_HAL_Driver/Inc/Legacy -I../Drivers/STM32F1xx_HAL_Driver/Inc -I../Drivers/CMSIS/Device/ST/STM32F1xx/Include -I../Drivers/CMSIS/Include -O0 -ffunction-sections -fdata-sections -Wall -fstack-usage -fcyclomatic-complexity -MMD -MP -MF"Core/Src/ApplicationControl.d" -MT"Core/Src/ApplicationControl.o" --specs=nano.specs -mfloat-abi=soft -mthumb -o "Core/Src/ApplicationControl.o"
../Core/Src/ApplicationControl.c: In function 'ApplicationControl':
../Core/Src/ApplicationControl.c:44:9: warning: implicit declaration of function 'sprintf' [-Wimplicit-function-declaration]
   44 |         sprintf(buffer, "Val1: %d", STM_Msg_0x301.gfx_Val);
      |         ^~~~~~~
../Core/Src/ApplicationControl.c:9:1: note: include '<stdio.h>' or provide a declaration of 'sprintf'
    8 | #include"globel_data.h"
  +++ |+#include <stdio.h>
    9 | char buffer[16];
../Core/Src/ApplicationControl.c:44:9: warning: incompatible implicit declaration of built-in function 'sprintf' [-Wbuiltin-declaration-mismatch]
   44 |         sprintf(buffer, "Val1: %d", STM_Msg_0x301.gfx_Val);
      |         ^~~~~~~
../Core/Src/ApplicationControl.c:44:9: note: include '<stdio.h>' or provide a declaration of 'sprintf'
arm-none-eabi-gcc -o "STM32F103C6T6A_CAN_1.3.elf" @"objects.list"   -mcpu=cortex-m3 -T"C:\Users\sopan\STM32CubeIDE\workspace_1.19.0\STM32F103C6T6A_CAN_1.3\STM32F103C6TX_FLASH.ld" --specs=nosys.specs -Wl,-Map="STM32F103C6T6A_CAN_1.3.map" -Wl,--gc-sections -static --specs=nano.specs -mfloat-abi=soft -mthumb -Wl,--start-group -lc -lm -Wl,--end-group
Finished building target: STM32F103C6T6A_CAN_1.3.elf
 
arm-none-eabi-size  STM32F103C6T6A_CAN_1.3.elf 
arm-none-eabi-objdump -h -S STM32F103C6T6A_CAN_1.3.elf  > "STM32F103C6T6A_CAN_1.3.list"
   text	   data	    bss	    dec	    hex	filename
  23208	    100	   3176	  26484	   6774	STM32F103C6T6A_CAN_1.3.elf
Finished building: default.size.stdout
 
Finished building: STM32F103C6T6A_CAN_1.3.list
 
23:35:08 **** Incremental Build of configuration Debug for project STM32F103C6T6A_CAN_1.3 ****
make -j8 all 
arm-none-eabi-gcc "../Core/Src/ApplicationControl.c" -mcpu=cortex-m3 -std=gnu11 -g3 -DDEBUG -DUSE_HAL_DRIVER -DSTM32F103x6 -c -I../Core/Inc -I../Drivers/STM32F1xx_HAL_Driver/Inc/Legacy -I../Drivers/STM32F1xx_HAL_Driver/Inc -I../Drivers/CMSIS/Device/ST/STM32F1xx/Include -I../Drivers/CMSIS/Include -O0 -ffunction-sections -fdata-sections -Wall -fstack-usage -fcyclomatic-complexity -MMD -MP -MF"Core/Src/ApplicationControl.d" -MT"Core/Src/ApplicationControl.o" --specs=nano.specs -mfloat-abi=soft -mthumb -o "Core/Src/ApplicationControl.o"
../Core/Src/ApplicationControl.c: In function 'ApplicationControl':
../Core/Src/ApplicationControl.c:44:9: warning: implicit declaration of function 'sprintf' [-Wimplicit-function-declaration]
   44 |         sprintf(buffer, "Val1: %d", STM_Msg_0x301.gfx_Val);
      |         ^~~~~~~
../Core/Src/ApplicationControl.c:9:1: note: include '<stdio.h>' or provide a declaration of 'sprintf'
    8 | #include"globel_data.h"
  +++ |+#include <stdio.h>
    9 | char buffer[16];
../Core/Src/ApplicationControl.c:44:9: warning: incompatible implicit declaration of built-in function 'sprintf' [-Wbuiltin-declaration-mismatch]
   44 |         sprintf(buffer, "Val1: %d", STM_Msg_0x301.gfx_Val);
      |         ^~~~~~~
../Core/Src/ApplicationControl.c:44:9: note: include '<stdio.h>' or provide a declaration of 'sprintf'
arm-none-eabi-gcc -o "STM32F103C6T6A_CAN_1.3.elf" @"objects.list"   -mcpu=cortex-m3 -T"C:\Users\sopan\STM32CubeIDE\workspace_1.19.0\STM32F103C6T6A_CAN_1.3\STM32F103C6TX_FLASH.ld" --specs=nosys.specs -Wl,-Map="STM32F103C6T6A_CAN_1.3.map" -Wl,--gc-sections -static --specs=nano.specs -mfloat-abi=soft -mthumb -Wl,--start-group -lc -lm -Wl,--end-group
Finished building target: STM32F103C6T6A_CAN_1.3.elf
 
arm-none-eabi-size  STM32F103C6T6A_CAN_1.3.elf 
arm-none-eabi-objdump -h -S STM32F103C6T6A_CAN_1.3.elf  > "STM32F103C6T6A_CAN_1.3.list"
   text	   data	    bss	    dec	    hex	filename
  23200	    100	   3176	  26476	   676c	STM32F103C6T6A_CAN_1.3.elf
Finished building: default.size.stdout
 
Finished building: STM32F103C6T6A_CAN_1.3.list
 
23:36:54 **** Incremental Build of configuration Debug for project STM32F103C6T6A_CAN_1.3 ****
make -j8 all 
arm-none-eabi-gcc "../Core/Src/ApplicationControl.c" -mcpu=cortex-m3 -std=gnu11 -g3 -DDEBUG -DUSE_HAL_DRIVER -DSTM32F103x6 -c -I../Core/Inc -I../Drivers/STM32F1xx_HAL_Driver/Inc/Legacy -I../Drivers/STM32F1xx_HAL_Driver/Inc -I../Drivers/CMSIS/Device/ST/STM32F1xx/Include -I../Drivers/CMSIS/Include -O0 -ffunction-sections -fdata-sections -Wall -fstack-usage -fcyclomatic-complexity -MMD -MP -MF"Core/Src/ApplicationControl.d" -MT"Core/Src/ApplicationControl.o" --specs=nano.specs -mfloat-abi=soft -mthumb -o "Core/Src/ApplicationControl.o"
../Core/Src/ApplicationControl.c: In function 'ApplicationControl':
../Core/Src/ApplicationControl.c:44:9: warning: implicit declaration of function 'sprintf' [-Wimplicit-function-declaration]
   44 |         sprintf(buffer, "Val1: %d", STM_Msg_0x301.gfx_Val);
      |         ^~~~~~~
../Core/Src/ApplicationControl.c:9:1: note: include '<stdio.h>' or provide a declaration of 'sprintf'
    8 | #include"globel_data.h"
  +++ |+#include <stdio.h>
    9 | char buffer[16];
../Core/Src/ApplicationControl.c:44:9: warning: incompatible implicit declaration of built-in function 'sprintf' [-Wbuiltin-declaration-mismatch]
   44 |         sprintf(buffer, "Val1: %d", STM_Msg_0x301.gfx_Val);
      |         ^~~~~~~
../Core/Src/ApplicationControl.c:44:9: note: include '<stdio.h>' or provide a declaration of 'sprintf'
arm-none-eabi-gcc -o "STM32F103C6T6A_CAN_1.3.elf" @"objects.list"   -mcpu=cortex-m3 -T"C:\Users\sopan\STM32CubeIDE\workspace_1.19.0\STM32F103C6T6A_CAN_1.3\STM32F103C6TX_FLASH.ld" --specs=nosys.specs -Wl,-Map="STM32F103C6T6A_CAN_1.3.map" -Wl,--gc-sections -static --specs=nano.specs -mfloat-abi=soft -mthumb -Wl,--start-group -lc -lm -Wl,--end-group
Finished building target: STM32F103C6T6A_CAN_1.3.elf
 
arm-none-eabi-size  STM32F103C6T6A_CAN_1.3.elf 
arm-none-eabi-objdump -h -S STM32F103C6T6A_CAN_1.3.elf  > "STM32F103C6T6A_CAN_1.3.list"
   text	   data	    bss	    dec	    hex	filename
  23208	    100	   3176	  26484	   6774	STM32F103C6T6A_CAN_1.3.elf
Finished building: default.size.stdout
 
Finished building: STM32F103C6T6A_CAN_1.3.list
 
23:42:47 **** Incremental Build of configuration Debug for project STM32F103C6T6A_CAN_1.3 ****
make -j8 all 
arm-none-eabi-gcc "../Core/Src/ApplicationControl.c" -mcpu=cortex-m3 -std=gnu11 -g3 -DDEBUG -DUSE_HAL_DRIVER -DSTM32F103x6 -c -I../Core/Inc -I../Drivers/STM32F1xx_HAL_Driver/Inc/Legacy -I../Drivers/STM32F1xx_HAL_Driver/Inc -I../Drivers/CMSIS/Device/ST/STM32F1xx/Include -I../Drivers/CMSIS/Include -O0 -ffunction-sections -fdata-sections -Wall -fstack-usage -fcyclomatic-complexity -MMD -MP -MF"Core/Src/ApplicationControl.d" -MT"Core/Src/ApplicationControl.o" --specs=nano.specs -mfloat-abi=soft -mthumb -o "Core/Src/ApplicationControl.o"
../Core/Src/ApplicationControl.c: In function 'ApplicationControl':
../Core/Src/ApplicationControl.c:44:9: warning: implicit declaration of function 'sprintf' [-Wimplicit-function-declaration]
   44 |         sprintf(buffer, "Val1: %-3d", STM_Msg_0x301.gfx_Val);
      |         ^~~~~~~
../Core/Src/ApplicationControl.c:9:1: note: include '<stdio.h>' or provide a declaration of 'sprintf'
    8 | #include"globel_data.h"
  +++ |+#include <stdio.h>
    9 | char buffer[16];
../Core/Src/ApplicationControl.c:44:9: warning: incompatible implicit declaration of built-in function 'sprintf' [-Wbuiltin-declaration-mismatch]
   44 |         sprintf(buffer, "Val1: %-3d", STM_Msg_0x301.gfx_Val);
      |         ^~~~~~~
../Core/Src/ApplicationControl.c:44:9: note: include '<stdio.h>' or provide a declaration of 'sprintf'
arm-none-eabi-gcc -o "STM32F103C6T6A_CAN_1.3.elf" @"objects.list"   -mcpu=cortex-m3 -T"C:\Users\sopan\STM32CubeIDE\workspace_1.19.0\STM32F103C6T6A_CAN_1.3\STM32F103C6TX_FLASH.ld" --specs=nosys.specs -Wl,-Map="STM32F103C6T6A_CAN_1.3.map" -Wl,--gc-sections -static --specs=nano.specs -mfloat-abi=soft -mthumb -Wl,--start-group -lc -lm -Wl,--end-group
Finished building target: STM32F103C6T6A_CAN_1.3.elf
 
arm-none-eabi-size  STM32F103C6T6A_CAN_1.3.elf 
arm-none-eabi-objdump -h -S STM32F103C6T6A_CAN_1.3.elf  > "STM32F103C6T6A_CAN_1.3.list"
   text	   data	    bss	    dec	    hex	filename
  23228	    100	   3176	  26504	   6788	STM32F103C6T6A_CAN_1.3.elf
Finished building: default.size.stdout
 
Finished building: STM32F103C6T6A_CAN_1.3.list
 
23:43:14 **** Incremental Build of configuration Debug for project STM32F103C6T6A_CAN_1.3 ****
make -j8 all 
arm-none-eabi-gcc "../Core/Src/ApplicationControl.c" -mcpu=cortex-m3 -std=gnu11 -g3 -DDEBUG -DUSE_HAL_DRIVER -DSTM32F103x6 -c -I../Core/Inc -I../Drivers/STM32F1xx_HAL_Driver/Inc/Legacy -I../Drivers/STM32F1xx_HAL_Driver/Inc -I../Drivers/CMSIS/Device/ST/STM32F1xx/Include -I../Drivers/CMSIS/Include -O0 -ffunction-sections -fdata-sections -Wall -fstack-usage -fcyclomatic-complexity -MMD -MP -MF"Core/Src/ApplicationControl.d" -MT"Core/Src/ApplicationControl.o" --specs=nano.specs -mfloat-abi=soft -mthumb -o "Core/Src/ApplicationControl.o"
../Core/Src/ApplicationControl.c: In function 'ApplicationControl':
../Core/Src/ApplicationControl.c:44:9: warning: implicit declaration of function 'sprintf' [-Wimplicit-function-declaration]
   44 |         sprintf(buffer, "Val1: %-3d", STM_Msg_0x301.gfx_Val);
      |         ^~~~~~~
../Core/Src/ApplicationControl.c:9:1: note: include '<stdio.h>' or provide a declaration of 'sprintf'
    8 | #include"globel_data.h"
  +++ |+#include <stdio.h>
    9 | char buffer[16];
../Core/Src/ApplicationControl.c:44:9: warning: incompatible implicit declaration of built-in function 'sprintf' [-Wbuiltin-declaration-mismatch]
   44 |         sprintf(buffer, "Val1: %-3d", STM_Msg_0x301.gfx_Val);
      |         ^~~~~~~
../Core/Src/ApplicationControl.c:44:9: note: include '<stdio.h>' or provide a declaration of 'sprintf'
arm-none-eabi-gcc -o "STM32F103C6T6A_CAN_1.3.elf" @"objects.list"   -mcpu=cortex-m3 -T"C:\Users\sopan\STM32CubeIDE\workspace_1.19.0\STM32F103C6T6A_CAN_1.3\STM32F103C6TX_FLASH.ld" --specs=nosys.specs -Wl,-Map="STM32F103C6T6A_CAN_1.3.map" -Wl,--gc-sections -static --specs=nano.specs -mfloat-abi=soft -mthumb -Wl,--start-group -lc -lm -Wl,--end-group
Finished building target: STM32F103C6T6A_CAN_1.3.elf
 
arm-none-eabi-size  STM32F103C6T6A_CAN_1.3.elf 
arm-none-eabi-objdump -h -S STM32F103C6T6A_CAN_1.3.elf  > "STM32F103C6T6A_CAN_1.3.list"
   text	   data	    bss	    dec	    hex	filename
  23220	    100	   3176	  26496	   6780	STM32F103C6T6A_CAN_1.3.elf
Finished building: default.size.stdout
 
Finished building: STM32F103C6T6A_CAN_1.3.list
 
