00:31:29 **** Incremental Build of configuration Debug for project STM32F103C6T6A_GPIO ****
make -j8 all 
arm-none-eabi-gcc "../Core/Src/main.c" -mcpu=cortex-m3 -std=gnu11 -g3 -DDEBUG -DUSE_HAL_DRIVER -DSTM32F103x6 -c -I../Core/Inc -I../Drivers/STM32F1xx_HAL_Driver/Inc/Legacy -I../Drivers/STM32F1xx_HAL_Driver/Inc -I../Drivers/CMSIS/Device/ST/STM32F1xx/Include -I../Drivers/CMSIS/Include -O0 -ffunction-sections -fdata-sections -Wall -fstack-usage -fcyclomatic-complexity -MMD -MP -MF"Core/Src/main.d" -MT"Core/Src/main.o" --specs=nano.specs -mfloat-abi=soft -mthumb -o "Core/Src/main.o"
arm-none-eabi-gcc -o "STM32F103C6T6A_GPIO.elf" @"objects.list"   -mcpu=cortex-m3 -T"C:\Users\sopan\STM32CubeIDE\workspace_1.19.0\STM32F103C6T6A_GPIO\STM32F103C6TX_FLASH.ld" --specs=nosys.specs -Wl,-Map="STM32F103C6T6A_GPIO.map" -Wl,--gc-sections -static --specs=nano.specs -mfloat-abi=soft -mthumb -Wl,--start-group -lc -lm -Wl,--end-group
Finished building target: STM32F103C6T6A_GPIO.elf
 
arm-none-eabi-size  STM32F103C6T6A_GPIO.elf 
arm-none-eabi-objdump -h -S STM32F103C6T6A_GPIO.elf  > "STM32F103C6T6A_GPIO.list"
   text	   data	    bss	    dec	    hex	filename
   4684	     12	   1572	   6268	   187c	STM32F103C6T6A_GPIO.elf
Finished building: default.size.stdout
 
Finished building: STM32F103C6T6A_GPIO.list
 
00:31:49 **** Incremental Build of configuration Debug for project STM32F103C6T6A_GPIO ****
make -j8 all 
arm-none-eabi-size  STM32F103C6T6A_GPIO.elf 
   text	   data	    bss	    dec	    hex	filename
   4684	     12	   1572	   6268	   187c	STM32F103C6T6A_GPIO.elf
Finished building: default.size.stdout
 
00:32:42 **** Incremental Build of configuration Debug for project STM32F103C6T6A_GPIO ****
make -j8 all 
arm-none-eabi-size  STM32F103C6T6A_GPIO.elf 
   text	   data	    bss	    dec	    hex	filename
   4684	     12	   1572	   6268	   187c	STM32F103C6T6A_GPIO.elf
Finished building: default.size.stdout
 
