23:48:05 **** Incremental Build of configuration Debug for project stm32_f103 ****
make -j8 all 
arm-none-eabi-gcc "../Core/Src/main.c" -mcpu=cortex-m3 -std=gnu11 -g3 -DDEBUG -DUSE_HAL_DRIVER -DSTM32F103x6 -c -I../Core/Inc -I../Drivers/STM32F1xx_HAL_Driver/Inc/Legacy -I../Drivers/STM32F1xx_HAL_Driver/Inc -I../Drivers/CMSIS/Device/ST/STM32F1xx/Include -I../Drivers/CMSIS/Include -O0 -ffunction-sections -fdata-sections -Wall -fstack-usage -fcyclomatic-complexity -MMD -MP -MF"Core/Src/main.d" -MT"Core/Src/main.o" --specs=nano.specs -mfloat-abi=soft -mthumb -o "Core/Src/main.o"
arm-none-eabi-gcc -o "stm32_f103.elf" @"objects.list"   -mcpu=cortex-m3 -T"D:\STM\st\workspace_1.13.0\stm32_f103\STM32F103C6TX_FLASH.ld" --specs=nosys.specs -Wl,-Map="stm32_f103.map" -Wl,--gc-sections -static --specs=nano.specs -mfloat-abi=soft -mthumb -Wl,--start-group -lc -lm -Wl,--end-group
Finished building target: stm32_f103.elf
 
arm-none-eabi-size  stm32_f103.elf 
arm-none-eabi-objdump -h -S stm32_f103.elf  > "stm32_f103.list"
   text	   data	    bss	    dec	    hex	filename
   8852	     20	   1788	  10660	   29a4	stm32_f103.elf
Finished building: default.size.stdout
 
Finished building: stm32_f103.list
 

23:48:06 Build Finished. 0 errors, 0 warnings. (took 945ms)

